[2026-06-18T23:14:03.183+0000] {processor.py:186} INFO - Started process (PID=31) to work on /opt/airflow/dags/predictions_dag.py
[2026-06-18T23:14:03.184+0000] {processor.py:914} INFO - Processing file /opt/airflow/dags/predictions_dag.py for tasks to queue
[2026-06-18T23:14:03.186+0000] {logging_mixin.py:190} INFO - [2026-06-18T23:14:03.186+0000] {dagbag.py:587} INFO - Filling up the DagBag from /opt/airflow/dags/predictions_dag.py
[2026-06-18T23:14:04.181+0000] {processor.py:925} INFO - DAG(s) 'daily_predictions' retrieved from /opt/airflow/dags/predictions_dag.py
[2026-06-18T23:14:04.281+0000] {logging_mixin.py:190} INFO - [2026-06-18T23:14:04.281+0000] {override.py:1858} INFO - Created Permission View: can delete on DAG:daily_predictions
[2026-06-18T23:14:04.299+0000] {logging_mixin.py:190} INFO - [2026-06-18T23:14:04.298+0000] {override.py:1858} INFO - Created Permission View: can edit on DAG:daily_predictions
[2026-06-18T23:14:04.304+0000] {logging_mixin.py:190} INFO - [2026-06-18T23:14:04.304+0000] {override.py:1858} INFO - Created Permission View: can read on DAG:daily_predictions
[2026-06-18T23:14:04.305+0000] {logging_mixin.py:190} INFO - [2026-06-18T23:14:04.304+0000] {dag.py:3211} INFO - Sync 1 DAGs
[2026-06-18T23:14:04.321+0000] {logging_mixin.py:190} INFO - [2026-06-18T23:14:04.321+0000] {dag.py:3234} INFO - Creating ORM DAG for daily_predictions
[2026-06-18T23:14:04.329+0000] {logging_mixin.py:190} INFO - [2026-06-18T23:14:04.329+0000] {dag.py:4138} INFO - Setting next_dagrun for daily_predictions to 2026-06-17 10:00:00+00:00, run_after=2026-06-18 10:00:00+00:00
[2026-06-18T23:14:04.363+0000] {processor.py:208} INFO - Processing /opt/airflow/dags/predictions_dag.py took 1.185 seconds
[2026-06-18T23:14:34.474+0000] {processor.py:186} INFO - Started process (PID=53) to work on /opt/airflow/dags/predictions_dag.py
[2026-06-18T23:14:34.478+0000] {processor.py:914} INFO - Processing file /opt/airflow/dags/predictions_dag.py for tasks to queue
[2026-06-18T23:14:34.485+0000] {logging_mixin.py:190} INFO - [2026-06-18T23:14:34.484+0000] {dagbag.py:587} INFO - Filling up the DagBag from /opt/airflow/dags/predictions_dag.py
[2026-06-18T23:14:34.884+0000] {processor.py:925} INFO - DAG(s) 'daily_predictions' retrieved from /opt/airflow/dags/predictions_dag.py
[2026-06-18T23:14:34.921+0000] {logging_mixin.py:190} INFO - [2026-06-18T23:14:34.921+0000] {dag.py:3211} INFO - Sync 1 DAGs
[2026-06-18T23:14:34.947+0000] {logging_mixin.py:190} INFO - [2026-06-18T23:14:34.946+0000] {dag.py:4138} INFO - Setting next_dagrun for daily_predictions to 2026-06-17 10:00:00+00:00, run_after=2026-06-18 10:00:00+00:00
[2026-06-18T23:14:34.960+0000] {processor.py:208} INFO - Processing /opt/airflow/dags/predictions_dag.py took 0.498 seconds
[2026-06-18T23:15:05.906+0000] {processor.py:186} INFO - Started process (PID=56) to work on /opt/airflow/dags/predictions_dag.py
[2026-06-18T23:15:05.908+0000] {processor.py:914} INFO - Processing file /opt/airflow/dags/predictions_dag.py for tasks to queue
[2026-06-18T23:15:05.913+0000] {logging_mixin.py:190} INFO - [2026-06-18T23:15:05.912+0000] {dagbag.py:587} INFO - Filling up the DagBag from /opt/airflow/dags/predictions_dag.py
[2026-06-18T23:15:06.307+0000] {processor.py:925} INFO - DAG(s) 'daily_predictions' retrieved from /opt/airflow/dags/predictions_dag.py
[2026-06-18T23:15:06.323+0000] {logging_mixin.py:190} INFO - [2026-06-18T23:15:06.323+0000] {dag.py:3211} INFO - Sync 1 DAGs
[2026-06-18T23:15:06.337+0000] {logging_mixin.py:190} INFO - [2026-06-18T23:15:06.337+0000] {dag.py:4138} INFO - Setting next_dagrun for daily_predictions to 2026-06-17 10:00:00+00:00, run_after=2026-06-18 10:00:00+00:00
[2026-06-18T23:15:06.393+0000] {processor.py:208} INFO - Processing /opt/airflow/dags/predictions_dag.py took 0.496 seconds
[2026-06-18T23:15:37.282+0000] {processor.py:186} INFO - Started process (PID=59) to work on /opt/airflow/dags/predictions_dag.py
[2026-06-18T23:15:37.284+0000] {processor.py:914} INFO - Processing file /opt/airflow/dags/predictions_dag.py for tasks to queue
[2026-06-18T23:15:37.288+0000] {logging_mixin.py:190} INFO - [2026-06-18T23:15:37.287+0000] {dagbag.py:587} INFO - Filling up the DagBag from /opt/airflow/dags/predictions_dag.py
[2026-06-18T23:15:37.512+0000] {processor.py:925} INFO - DAG(s) 'daily_predictions' retrieved from /opt/airflow/dags/predictions_dag.py
[2026-06-18T23:15:37.524+0000] {logging_mixin.py:190} INFO - [2026-06-18T23:15:37.524+0000] {dag.py:3211} INFO - Sync 1 DAGs
[2026-06-18T23:15:37.538+0000] {logging_mixin.py:190} INFO - [2026-06-18T23:15:37.537+0000] {dag.py:4138} INFO - Setting next_dagrun for daily_predictions to 2026-06-17 10:00:00+00:00, run_after=2026-06-18 10:00:00+00:00
[2026-06-18T23:15:37.548+0000] {processor.py:208} INFO - Processing /opt/airflow/dags/predictions_dag.py took 0.277 seconds
[2026-06-18T23:16:07.806+0000] {processor.py:186} INFO - Started process (PID=63) to work on /opt/airflow/dags/predictions_dag.py
[2026-06-18T23:16:07.808+0000] {processor.py:914} INFO - Processing file /opt/airflow/dags/predictions_dag.py for tasks to queue
[2026-06-18T23:16:07.811+0000] {logging_mixin.py:190} INFO - [2026-06-18T23:16:07.811+0000] {dagbag.py:587} INFO - Filling up the DagBag from /opt/airflow/dags/predictions_dag.py
[2026-06-18T23:16:08.043+0000] {processor.py:925} INFO - DAG(s) 'daily_predictions' retrieved from /opt/airflow/dags/predictions_dag.py
[2026-06-18T23:16:08.056+0000] {logging_mixin.py:190} INFO - [2026-06-18T23:16:08.056+0000] {dag.py:3211} INFO - Sync 1 DAGs
[2026-06-18T23:16:08.092+0000] {logging_mixin.py:190} INFO - [2026-06-18T23:16:08.092+0000] {dag.py:4138} INFO - Setting next_dagrun for daily_predictions to 2026-06-17 10:00:00+00:00, run_after=2026-06-18 10:00:00+00:00
[2026-06-18T23:16:08.114+0000] {processor.py:208} INFO - Processing /opt/airflow/dags/predictions_dag.py took 0.321 seconds
[2026-06-18T23:16:39.202+0000] {processor.py:186} INFO - Started process (PID=67) to work on /opt/airflow/dags/predictions_dag.py
[2026-06-18T23:16:39.204+0000] {processor.py:914} INFO - Processing file /opt/airflow/dags/predictions_dag.py for tasks to queue
[2026-06-18T23:16:39.208+0000] {logging_mixin.py:190} INFO - [2026-06-18T23:16:39.208+0000] {dagbag.py:587} INFO - Filling up the DagBag from /opt/airflow/dags/predictions_dag.py
[2026-06-18T23:16:39.441+0000] {processor.py:925} INFO - DAG(s) 'daily_predictions' retrieved from /opt/airflow/dags/predictions_dag.py
[2026-06-18T23:16:39.453+0000] {logging_mixin.py:190} INFO - [2026-06-18T23:16:39.453+0000] {dag.py:3211} INFO - Sync 1 DAGs
[2026-06-18T23:16:39.464+0000] {logging_mixin.py:190} INFO - [2026-06-18T23:16:39.463+0000] {dag.py:4138} INFO - Setting next_dagrun for daily_predictions to 2026-06-17 10:00:00+00:00, run_after=2026-06-18 10:00:00+00:00
[2026-06-18T23:16:39.475+0000] {processor.py:208} INFO - Processing /opt/airflow/dags/predictions_dag.py took 0.286 seconds
[2026-06-18T23:17:10.408+0000] {processor.py:186} INFO - Started process (PID=70) to work on /opt/airflow/dags/predictions_dag.py
[2026-06-18T23:17:10.410+0000] {processor.py:914} INFO - Processing file /opt/airflow/dags/predictions_dag.py for tasks to queue
[2026-06-18T23:17:10.415+0000] {logging_mixin.py:190} INFO - [2026-06-18T23:17:10.414+0000] {dagbag.py:587} INFO - Filling up the DagBag from /opt/airflow/dags/predictions_dag.py
[2026-06-18T23:17:10.746+0000] {processor.py:925} INFO - DAG(s) 'daily_predictions' retrieved from /opt/airflow/dags/predictions_dag.py
[2026-06-18T23:17:10.797+0000] {logging_mixin.py:190} INFO - [2026-06-18T23:17:10.796+0000] {dag.py:3211} INFO - Sync 1 DAGs
[2026-06-18T23:17:10.815+0000] {logging_mixin.py:190} INFO - [2026-06-18T23:17:10.814+0000] {dag.py:4138} INFO - Setting next_dagrun for daily_predictions to 2026-06-17 10:00:00+00:00, run_after=2026-06-18 10:00:00+00:00
[2026-06-18T23:17:10.834+0000] {processor.py:208} INFO - Processing /opt/airflow/dags/predictions_dag.py took 0.441 seconds
[2026-06-18T23:17:41.329+0000] {processor.py:186} INFO - Started process (PID=74) to work on /opt/airflow/dags/predictions_dag.py
[2026-06-18T23:17:41.331+0000] {processor.py:914} INFO - Processing file /opt/airflow/dags/predictions_dag.py for tasks to queue
[2026-06-18T23:17:41.337+0000] {logging_mixin.py:190} INFO - [2026-06-18T23:17:41.336+0000] {dagbag.py:587} INFO - Filling up the DagBag from /opt/airflow/dags/predictions_dag.py
[2026-06-18T23:17:41.610+0000] {processor.py:925} INFO - DAG(s) 'daily_predictions' retrieved from /opt/airflow/dags/predictions_dag.py
[2026-06-18T23:17:41.626+0000] {logging_mixin.py:190} INFO - [2026-06-18T23:17:41.626+0000] {dag.py:3211} INFO - Sync 1 DAGs
[2026-06-18T23:17:41.637+0000] {logging_mixin.py:190} INFO - [2026-06-18T23:17:41.637+0000] {dag.py:4138} INFO - Setting next_dagrun for daily_predictions to 2026-06-17 10:00:00+00:00, run_after=2026-06-18 10:00:00+00:00
[2026-06-18T23:17:41.649+0000] {processor.py:208} INFO - Processing /opt/airflow/dags/predictions_dag.py took 0.346 seconds
[2026-06-18T23:18:12.034+0000] {processor.py:186} INFO - Started process (PID=77) to work on /opt/airflow/dags/predictions_dag.py
[2026-06-18T23:18:12.036+0000] {processor.py:914} INFO - Processing file /opt/airflow/dags/predictions_dag.py for tasks to queue
[2026-06-18T23:18:12.041+0000] {logging_mixin.py:190} INFO - [2026-06-18T23:18:12.041+0000] {dagbag.py:587} INFO - Filling up the DagBag from /opt/airflow/dags/predictions_dag.py
[2026-06-18T23:18:12.260+0000] {processor.py:925} INFO - DAG(s) 'daily_predictions' retrieved from /opt/airflow/dags/predictions_dag.py
[2026-06-18T23:18:12.273+0000] {logging_mixin.py:190} INFO - [2026-06-18T23:18:12.272+0000] {dag.py:3211} INFO - Sync 1 DAGs
[2026-06-18T23:18:12.284+0000] {logging_mixin.py:190} INFO - [2026-06-18T23:18:12.283+0000] {dag.py:4138} INFO - Setting next_dagrun for daily_predictions to 2026-06-17 10:00:00+00:00, run_after=2026-06-18 10:00:00+00:00
[2026-06-18T23:18:12.293+0000] {processor.py:208} INFO - Processing /opt/airflow/dags/predictions_dag.py took 0.271 seconds
[2026-06-18T23:18:42.648+0000] {processor.py:186} INFO - Started process (PID=80) to work on /opt/airflow/dags/predictions_dag.py
[2026-06-18T23:18:42.651+0000] {processor.py:914} INFO - Processing file /opt/airflow/dags/predictions_dag.py for tasks to queue
[2026-06-18T23:18:42.655+0000] {logging_mixin.py:190} INFO - [2026-06-18T23:18:42.654+0000] {dagbag.py:587} INFO - Filling up the DagBag from /opt/airflow/dags/predictions_dag.py
[2026-06-18T23:18:42.889+0000] {processor.py:925} INFO - DAG(s) 'daily_predictions' retrieved from /opt/airflow/dags/predictions_dag.py
[2026-06-18T23:18:42.903+0000] {logging_mixin.py:190} INFO - [2026-06-18T23:18:42.903+0000] {dag.py:3211} INFO - Sync 1 DAGs
[2026-06-18T23:18:42.914+0000] {logging_mixin.py:190} INFO - [2026-06-18T23:18:42.914+0000] {dag.py:4138} INFO - Setting next_dagrun for daily_predictions to 2026-06-17 10:00:00+00:00, run_after=2026-06-18 10:00:00+00:00
[2026-06-18T23:18:42.925+0000] {processor.py:208} INFO - Processing /opt/airflow/dags/predictions_dag.py took 0.287 seconds
[2026-06-18T23:19:13.296+0000] {processor.py:186} INFO - Started process (PID=83) to work on /opt/airflow/dags/predictions_dag.py
[2026-06-18T23:19:13.297+0000] {processor.py:914} INFO - Processing file /opt/airflow/dags/predictions_dag.py for tasks to queue
[2026-06-18T23:19:13.303+0000] {logging_mixin.py:190} INFO - [2026-06-18T23:19:13.302+0000] {dagbag.py:587} INFO - Filling up the DagBag from /opt/airflow/dags/predictions_dag.py
[2026-06-18T23:19:13.555+0000] {processor.py:925} INFO - DAG(s) 'daily_predictions' retrieved from /opt/airflow/dags/predictions_dag.py
[2026-06-18T23:19:13.569+0000] {logging_mixin.py:190} INFO - [2026-06-18T23:19:13.569+0000] {dag.py:3211} INFO - Sync 1 DAGs
[2026-06-18T23:19:13.581+0000] {logging_mixin.py:190} INFO - [2026-06-18T23:19:13.581+0000] {dag.py:4138} INFO - Setting next_dagrun for daily_predictions to 2026-06-17 10:00:00+00:00, run_after=2026-06-18 10:00:00+00:00
[2026-06-18T23:19:13.591+0000] {processor.py:208} INFO - Processing /opt/airflow/dags/predictions_dag.py took 0.315 seconds
[2026-06-18T23:19:44.036+0000] {processor.py:186} INFO - Started process (PID=86) to work on /opt/airflow/dags/predictions_dag.py
[2026-06-18T23:19:44.039+0000] {processor.py:914} INFO - Processing file /opt/airflow/dags/predictions_dag.py for tasks to queue
[2026-06-18T23:19:44.043+0000] {logging_mixin.py:190} INFO - [2026-06-18T23:19:44.042+0000] {dagbag.py:587} INFO - Filling up the DagBag from /opt/airflow/dags/predictions_dag.py
[2026-06-18T23:19:44.250+0000] {processor.py:925} INFO - DAG(s) 'daily_predictions' retrieved from /opt/airflow/dags/predictions_dag.py
[2026-06-18T23:19:44.262+0000] {logging_mixin.py:190} INFO - [2026-06-18T23:19:44.262+0000] {dag.py:3211} INFO - Sync 1 DAGs
[2026-06-18T23:19:44.275+0000] {logging_mixin.py:190} INFO - [2026-06-18T23:19:44.275+0000] {dag.py:4138} INFO - Setting next_dagrun for daily_predictions to 2026-06-17 10:00:00+00:00, run_after=2026-06-18 10:00:00+00:00
[2026-06-18T23:19:44.287+0000] {processor.py:208} INFO - Processing /opt/airflow/dags/predictions_dag.py took 0.262 seconds
[2026-06-18T23:20:14.721+0000] {processor.py:186} INFO - Started process (PID=89) to work on /opt/airflow/dags/predictions_dag.py
[2026-06-18T23:20:14.723+0000] {processor.py:914} INFO - Processing file /opt/airflow/dags/predictions_dag.py for tasks to queue
[2026-06-18T23:20:14.727+0000] {logging_mixin.py:190} INFO - [2026-06-18T23:20:14.727+0000] {dagbag.py:587} INFO - Filling up the DagBag from /opt/airflow/dags/predictions_dag.py
[2026-06-18T23:20:14.966+0000] {processor.py:925} INFO - DAG(s) 'daily_predictions' retrieved from /opt/airflow/dags/predictions_dag.py
[2026-06-18T23:20:14.977+0000] {logging_mixin.py:190} INFO - [2026-06-18T23:20:14.977+0000] {dag.py:3211} INFO - Sync 1 DAGs
[2026-06-18T23:20:14.988+0000] {logging_mixin.py:190} INFO - [2026-06-18T23:20:14.988+0000] {dag.py:4138} INFO - Setting next_dagrun for daily_predictions to 2026-06-17 10:00:00+00:00, run_after=2026-06-18 10:00:00+00:00
[2026-06-18T23:20:14.999+0000] {processor.py:208} INFO - Processing /opt/airflow/dags/predictions_dag.py took 0.295 seconds
[2026-06-18T23:20:45.459+0000] {processor.py:186} INFO - Started process (PID=106) to work on /opt/airflow/dags/predictions_dag.py
[2026-06-18T23:20:45.460+0000] {processor.py:914} INFO - Processing file /opt/airflow/dags/predictions_dag.py for tasks to queue
[2026-06-18T23:20:45.465+0000] {logging_mixin.py:190} INFO - [2026-06-18T23:20:45.464+0000] {dagbag.py:587} INFO - Filling up the DagBag from /opt/airflow/dags/predictions_dag.py
[2026-06-18T23:20:45.740+0000] {processor.py:925} INFO - DAG(s) 'daily_predictions' retrieved from /opt/airflow/dags/predictions_dag.py
[2026-06-18T23:20:45.756+0000] {logging_mixin.py:190} INFO - [2026-06-18T23:20:45.755+0000] {dag.py:3211} INFO - Sync 1 DAGs
[2026-06-18T23:20:45.771+0000] {logging_mixin.py:190} INFO - [2026-06-18T23:20:45.771+0000] {dag.py:4138} INFO - Setting next_dagrun for daily_predictions to 2026-06-17 10:00:00+00:00, run_after=2026-06-18 10:00:00+00:00
[2026-06-18T23:20:45.782+0000] {processor.py:208} INFO - Processing /opt/airflow/dags/predictions_dag.py took 0.340 seconds
[2026-06-18T23:21:16.047+0000] {processor.py:186} INFO - Started process (PID=110) to work on /opt/airflow/dags/predictions_dag.py
[2026-06-18T23:21:16.049+0000] {processor.py:914} INFO - Processing file /opt/airflow/dags/predictions_dag.py for tasks to queue
[2026-06-18T23:21:16.054+0000] {logging_mixin.py:190} INFO - [2026-06-18T23:21:16.053+0000] {dagbag.py:587} INFO - Filling up the DagBag from /opt/airflow/dags/predictions_dag.py
[2026-06-18T23:21:16.288+0000] {processor.py:925} INFO - DAG(s) 'daily_predictions' retrieved from /opt/airflow/dags/predictions_dag.py
[2026-06-18T23:21:16.300+0000] {logging_mixin.py:190} INFO - [2026-06-18T23:21:16.300+0000] {dag.py:3211} INFO - Sync 1 DAGs
[2026-06-18T23:21:16.313+0000] {logging_mixin.py:190} INFO - [2026-06-18T23:21:16.313+0000] {dag.py:4138} INFO - Setting next_dagrun for daily_predictions to 2026-06-17 10:00:00+00:00, run_after=2026-06-18 10:00:00+00:00
[2026-06-18T23:21:16.325+0000] {processor.py:208} INFO - Processing /opt/airflow/dags/predictions_dag.py took 0.294 seconds
[2026-06-18T23:21:46.518+0000] {processor.py:186} INFO - Started process (PID=113) to work on /opt/airflow/dags/predictions_dag.py
[2026-06-18T23:21:46.521+0000] {processor.py:914} INFO - Processing file /opt/airflow/dags/predictions_dag.py for tasks to queue
[2026-06-18T23:21:46.526+0000] {logging_mixin.py:190} INFO - [2026-06-18T23:21:46.525+0000] {dagbag.py:587} INFO - Filling up the DagBag from /opt/airflow/dags/predictions_dag.py
[2026-06-18T23:21:46.758+0000] {processor.py:925} INFO - DAG(s) 'daily_predictions' retrieved from /opt/airflow/dags/predictions_dag.py
[2026-06-18T23:21:46.772+0000] {logging_mixin.py:190} INFO - [2026-06-18T23:21:46.771+0000] {dag.py:3211} INFO - Sync 1 DAGs
[2026-06-18T23:21:46.783+0000] {logging_mixin.py:190} INFO - [2026-06-18T23:21:46.783+0000] {dag.py:4138} INFO - Setting next_dagrun for daily_predictions to 2026-06-17 10:00:00+00:00, run_after=2026-06-18 10:00:00+00:00
[2026-06-18T23:21:46.795+0000] {processor.py:208} INFO - Processing /opt/airflow/dags/predictions_dag.py took 0.292 seconds
[2026-06-18T23:22:16.995+0000] {processor.py:186} INFO - Started process (PID=116) to work on /opt/airflow/dags/predictions_dag.py
[2026-06-18T23:22:16.997+0000] {processor.py:914} INFO - Processing file /opt/airflow/dags/predictions_dag.py for tasks to queue
[2026-06-18T23:22:17.005+0000] {logging_mixin.py:190} INFO - [2026-06-18T23:22:17.003+0000] {dagbag.py:587} INFO - Filling up the DagBag from /opt/airflow/dags/predictions_dag.py
[2026-06-18T23:22:17.263+0000] {processor.py:925} INFO - DAG(s) 'daily_predictions' retrieved from /opt/airflow/dags/predictions_dag.py
[2026-06-18T23:22:17.276+0000] {logging_mixin.py:190} INFO - [2026-06-18T23:22:17.275+0000] {dag.py:3211} INFO - Sync 1 DAGs
[2026-06-18T23:22:17.287+0000] {logging_mixin.py:190} INFO - [2026-06-18T23:22:17.287+0000] {dag.py:4138} INFO - Setting next_dagrun for daily_predictions to 2026-06-17 10:00:00+00:00, run_after=2026-06-18 10:00:00+00:00
[2026-06-18T23:22:17.299+0000] {processor.py:208} INFO - Processing /opt/airflow/dags/predictions_dag.py took 0.323 seconds
[2026-06-18T23:22:47.588+0000] {processor.py:186} INFO - Started process (PID=119) to work on /opt/airflow/dags/predictions_dag.py
[2026-06-18T23:22:47.590+0000] {processor.py:914} INFO - Processing file /opt/airflow/dags/predictions_dag.py for tasks to queue
[2026-06-18T23:22:47.604+0000] {logging_mixin.py:190} INFO - [2026-06-18T23:22:47.603+0000] {dagbag.py:587} INFO - Filling up the DagBag from /opt/airflow/dags/predictions_dag.py
[2026-06-18T23:22:47.854+0000] {processor.py:925} INFO - DAG(s) 'daily_predictions' retrieved from /opt/airflow/dags/predictions_dag.py
[2026-06-18T23:22:47.866+0000] {logging_mixin.py:190} INFO - [2026-06-18T23:22:47.865+0000] {dag.py:3211} INFO - Sync 1 DAGs
[2026-06-18T23:22:47.877+0000] {logging_mixin.py:190} INFO - [2026-06-18T23:22:47.877+0000] {dag.py:4138} INFO - Setting next_dagrun for daily_predictions to 2026-06-17 10:00:00+00:00, run_after=2026-06-18 10:00:00+00:00
[2026-06-18T23:22:47.889+0000] {processor.py:208} INFO - Processing /opt/airflow/dags/predictions_dag.py took 0.311 seconds
[2026-06-18T23:23:18.227+0000] {processor.py:186} INFO - Started process (PID=122) to work on /opt/airflow/dags/predictions_dag.py
[2026-06-18T23:23:18.229+0000] {processor.py:914} INFO - Processing file /opt/airflow/dags/predictions_dag.py for tasks to queue
[2026-06-18T23:23:18.234+0000] {logging_mixin.py:190} INFO - [2026-06-18T23:23:18.234+0000] {dagbag.py:587} INFO - Filling up the DagBag from /opt/airflow/dags/predictions_dag.py
[2026-06-18T23:23:18.469+0000] {processor.py:925} INFO - DAG(s) 'daily_predictions' retrieved from /opt/airflow/dags/predictions_dag.py
[2026-06-18T23:23:18.481+0000] {logging_mixin.py:190} INFO - [2026-06-18T23:23:18.481+0000] {dag.py:3211} INFO - Sync 1 DAGs
[2026-06-18T23:23:18.492+0000] {logging_mixin.py:190} INFO - [2026-06-18T23:23:18.492+0000] {dag.py:4138} INFO - Setting next_dagrun for daily_predictions to 2026-06-17 10:00:00+00:00, run_after=2026-06-18 10:00:00+00:00
[2026-06-18T23:23:18.503+0000] {processor.py:208} INFO - Processing /opt/airflow/dags/predictions_dag.py took 0.299 seconds
[2026-06-18T23:23:48.892+0000] {processor.py:186} INFO - Started process (PID=125) to work on /opt/airflow/dags/predictions_dag.py
[2026-06-18T23:23:48.899+0000] {processor.py:914} INFO - Processing file /opt/airflow/dags/predictions_dag.py for tasks to queue
[2026-06-18T23:23:48.905+0000] {logging_mixin.py:190} INFO - [2026-06-18T23:23:48.904+0000] {dagbag.py:587} INFO - Filling up the DagBag from /opt/airflow/dags/predictions_dag.py
[2026-06-18T23:23:49.245+0000] {processor.py:925} INFO - DAG(s) 'daily_predictions' retrieved from /opt/airflow/dags/predictions_dag.py
[2026-06-18T23:23:49.261+0000] {logging_mixin.py:190} INFO - [2026-06-18T23:23:49.261+0000] {dag.py:3211} INFO - Sync 1 DAGs
[2026-06-18T23:23:49.275+0000] {logging_mixin.py:190} INFO - [2026-06-18T23:23:49.275+0000] {dag.py:4138} INFO - Setting next_dagrun for daily_predictions to 2026-06-17 10:00:00+00:00, run_after=2026-06-18 10:00:00+00:00
[2026-06-18T23:23:49.288+0000] {processor.py:208} INFO - Processing /opt/airflow/dags/predictions_dag.py took 0.410 seconds
[2026-06-18T23:24:23.427+0000] {processor.py:186} INFO - Started process (PID=180) to work on /opt/airflow/dags/predictions_dag.py
[2026-06-18T23:24:23.435+0000] {processor.py:914} INFO - Processing file /opt/airflow/dags/predictions_dag.py for tasks to queue
[2026-06-18T23:24:23.437+0000] {logging_mixin.py:190} INFO - [2026-06-18T23:24:23.437+0000] {dagbag.py:587} INFO - Filling up the DagBag from /opt/airflow/dags/predictions_dag.py
[2026-06-18T23:24:24.156+0000] {processor.py:925} INFO - DAG(s) 'daily_predictions' retrieved from /opt/airflow/dags/predictions_dag.py
[2026-06-18T23:24:24.195+0000] {logging_mixin.py:190} INFO - [2026-06-18T23:24:24.194+0000] {dag.py:3211} INFO - Sync 1 DAGs
[2026-06-18T23:24:24.217+0000] {logging_mixin.py:190} INFO - [2026-06-18T23:24:24.217+0000] {dag.py:4138} INFO - Setting next_dagrun for daily_predictions to 2026-06-18 10:00:00+00:00, run_after=2026-06-19 10:00:00+00:00
[2026-06-18T23:24:24.245+0000] {processor.py:208} INFO - Processing /opt/airflow/dags/predictions_dag.py took 0.826 seconds
[2026-06-18T23:24:54.784+0000] {processor.py:186} INFO - Started process (PID=183) to work on /opt/airflow/dags/predictions_dag.py
[2026-06-18T23:24:54.787+0000] {processor.py:914} INFO - Processing file /opt/airflow/dags/predictions_dag.py for tasks to queue
[2026-06-18T23:24:54.791+0000] {logging_mixin.py:190} INFO - [2026-06-18T23:24:54.791+0000] {dagbag.py:587} INFO - Filling up the DagBag from /opt/airflow/dags/predictions_dag.py
[2026-06-18T23:24:55.017+0000] {processor.py:925} INFO - DAG(s) 'daily_predictions' retrieved from /opt/airflow/dags/predictions_dag.py
[2026-06-18T23:24:55.032+0000] {logging_mixin.py:190} INFO - [2026-06-18T23:24:55.031+0000] {dag.py:3211} INFO - Sync 1 DAGs
[2026-06-18T23:24:55.047+0000] {logging_mixin.py:190} INFO - [2026-06-18T23:24:55.046+0000] {dag.py:4138} INFO - Setting next_dagrun for daily_predictions to 2026-06-18 10:00:00+00:00, run_after=2026-06-19 10:00:00+00:00
[2026-06-18T23:24:55.057+0000] {processor.py:208} INFO - Processing /opt/airflow/dags/predictions_dag.py took 0.285 seconds
[2026-06-18T23:25:25.183+0000] {processor.py:186} INFO - Started process (PID=186) to work on /opt/airflow/dags/predictions_dag.py
[2026-06-18T23:25:25.184+0000] {processor.py:914} INFO - Processing file /opt/airflow/dags/predictions_dag.py for tasks to queue
[2026-06-18T23:25:25.189+0000] {logging_mixin.py:190} INFO - [2026-06-18T23:25:25.188+0000] {dagbag.py:587} INFO - Filling up the DagBag from /opt/airflow/dags/predictions_dag.py
[2026-06-18T23:25:25.415+0000] {processor.py:925} INFO - DAG(s) 'daily_predictions' retrieved from /opt/airflow/dags/predictions_dag.py
[2026-06-18T23:25:25.426+0000] {logging_mixin.py:190} INFO - [2026-06-18T23:25:25.426+0000] {dag.py:3211} INFO - Sync 1 DAGs
[2026-06-18T23:25:25.443+0000] {logging_mixin.py:190} INFO - [2026-06-18T23:25:25.443+0000] {dag.py:4138} INFO - Setting next_dagrun for daily_predictions to 2026-06-18 10:00:00+00:00, run_after=2026-06-19 10:00:00+00:00
[2026-06-18T23:25:25.454+0000] {processor.py:208} INFO - Processing /opt/airflow/dags/predictions_dag.py took 0.284 seconds
[2026-06-18T23:25:55.553+0000] {processor.py:186} INFO - Started process (PID=189) to work on /opt/airflow/dags/predictions_dag.py
[2026-06-18T23:25:55.555+0000] {processor.py:914} INFO - Processing file /opt/airflow/dags/predictions_dag.py for tasks to queue
[2026-06-18T23:25:55.559+0000] {logging_mixin.py:190} INFO - [2026-06-18T23:25:55.559+0000] {dagbag.py:587} INFO - Filling up the DagBag from /opt/airflow/dags/predictions_dag.py
[2026-06-18T23:25:55.768+0000] {processor.py:925} INFO - DAG(s) 'daily_predictions' retrieved from /opt/airflow/dags/predictions_dag.py
[2026-06-18T23:25:55.781+0000] {logging_mixin.py:190} INFO - [2026-06-18T23:25:55.781+0000] {dag.py:3211} INFO - Sync 1 DAGs
[2026-06-18T23:25:55.792+0000] {logging_mixin.py:190} INFO - [2026-06-18T23:25:55.792+0000] {dag.py:4138} INFO - Setting next_dagrun for daily_predictions to 2026-06-18 10:00:00+00:00, run_after=2026-06-19 10:00:00+00:00
[2026-06-18T23:25:55.803+0000] {processor.py:208} INFO - Processing /opt/airflow/dags/predictions_dag.py took 0.262 seconds
[2026-06-18T23:26:25.940+0000] {processor.py:186} INFO - Started process (PID=192) to work on /opt/airflow/dags/predictions_dag.py
[2026-06-18T23:26:25.942+0000] {processor.py:914} INFO - Processing file /opt/airflow/dags/predictions_dag.py for tasks to queue
[2026-06-18T23:26:25.947+0000] {logging_mixin.py:190} INFO - [2026-06-18T23:26:25.946+0000] {dagbag.py:587} INFO - Filling up the DagBag from /opt/airflow/dags/predictions_dag.py
[2026-06-18T23:26:26.166+0000] {processor.py:925} INFO - DAG(s) 'daily_predictions' retrieved from /opt/airflow/dags/predictions_dag.py
[2026-06-18T23:26:26.179+0000] {logging_mixin.py:190} INFO - [2026-06-18T23:26:26.179+0000] {dag.py:3211} INFO - Sync 1 DAGs
[2026-06-18T23:26:26.191+0000] {logging_mixin.py:190} INFO - [2026-06-18T23:26:26.191+0000] {dag.py:4138} INFO - Setting next_dagrun for daily_predictions to 2026-06-18 10:00:00+00:00, run_after=2026-06-19 10:00:00+00:00
[2026-06-18T23:26:26.200+0000] {processor.py:208} INFO - Processing /opt/airflow/dags/predictions_dag.py took 0.274 seconds
[2026-06-18T23:26:56.333+0000] {processor.py:186} INFO - Started process (PID=195) to work on /opt/airflow/dags/predictions_dag.py
[2026-06-18T23:26:56.335+0000] {processor.py:914} INFO - Processing file /opt/airflow/dags/predictions_dag.py for tasks to queue
[2026-06-18T23:26:56.339+0000] {logging_mixin.py:190} INFO - [2026-06-18T23:26:56.338+0000] {dagbag.py:587} INFO - Filling up the DagBag from /opt/airflow/dags/predictions_dag.py
[2026-06-18T23:26:56.595+0000] {processor.py:925} INFO - DAG(s) 'daily_predictions' retrieved from /opt/airflow/dags/predictions_dag.py
[2026-06-18T23:26:56.607+0000] {logging_mixin.py:190} INFO - [2026-06-18T23:26:56.606+0000] {dag.py:3211} INFO - Sync 1 DAGs
[2026-06-18T23:26:56.619+0000] {logging_mixin.py:190} INFO - [2026-06-18T23:26:56.619+0000] {dag.py:4138} INFO - Setting next_dagrun for daily_predictions to 2026-06-18 10:00:00+00:00, run_after=2026-06-19 10:00:00+00:00
[2026-06-18T23:26:56.634+0000] {processor.py:208} INFO - Processing /opt/airflow/dags/predictions_dag.py took 0.318 seconds
[2026-06-18T23:27:27.659+0000] {processor.py:186} INFO - Started process (PID=198) to work on /opt/airflow/dags/predictions_dag.py
[2026-06-18T23:27:27.661+0000] {processor.py:914} INFO - Processing file /opt/airflow/dags/predictions_dag.py for tasks to queue
[2026-06-18T23:27:27.665+0000] {logging_mixin.py:190} INFO - [2026-06-18T23:27:27.664+0000] {dagbag.py:587} INFO - Filling up the DagBag from /opt/airflow/dags/predictions_dag.py
[2026-06-18T23:27:27.940+0000] {processor.py:925} INFO - DAG(s) 'daily_predictions' retrieved from /opt/airflow/dags/predictions_dag.py
[2026-06-18T23:27:27.954+0000] {logging_mixin.py:190} INFO - [2026-06-18T23:27:27.954+0000] {dag.py:3211} INFO - Sync 1 DAGs
[2026-06-18T23:27:27.968+0000] {logging_mixin.py:190} INFO - [2026-06-18T23:27:27.967+0000] {dag.py:4138} INFO - Setting next_dagrun for daily_predictions to 2026-06-18 10:00:00+00:00, run_after=2026-06-19 10:00:00+00:00
[2026-06-18T23:27:27.978+0000] {processor.py:208} INFO - Processing /opt/airflow/dags/predictions_dag.py took 0.334 seconds
[2026-06-18T23:27:59.102+0000] {processor.py:186} INFO - Started process (PID=201) to work on /opt/airflow/dags/predictions_dag.py
[2026-06-18T23:27:59.104+0000] {processor.py:914} INFO - Processing file /opt/airflow/dags/predictions_dag.py for tasks to queue
[2026-06-18T23:27:59.109+0000] {logging_mixin.py:190} INFO - [2026-06-18T23:27:59.108+0000] {dagbag.py:587} INFO - Filling up the DagBag from /opt/airflow/dags/predictions_dag.py
[2026-06-18T23:27:59.340+0000] {processor.py:925} INFO - DAG(s) 'daily_predictions' retrieved from /opt/airflow/dags/predictions_dag.py
[2026-06-18T23:27:59.353+0000] {logging_mixin.py:190} INFO - [2026-06-18T23:27:59.352+0000] {dag.py:3211} INFO - Sync 1 DAGs
[2026-06-18T23:27:59.365+0000] {logging_mixin.py:190} INFO - [2026-06-18T23:27:59.365+0000] {dag.py:4138} INFO - Setting next_dagrun for daily_predictions to 2026-06-18 10:00:00+00:00, run_after=2026-06-19 10:00:00+00:00
[2026-06-18T23:27:59.375+0000] {processor.py:208} INFO - Processing /opt/airflow/dags/predictions_dag.py took 0.285 seconds
[2026-06-18T23:28:29.491+0000] {processor.py:186} INFO - Started process (PID=204) to work on /opt/airflow/dags/predictions_dag.py
[2026-06-18T23:28:29.493+0000] {processor.py:914} INFO - Processing file /opt/airflow/dags/predictions_dag.py for tasks to queue
[2026-06-18T23:28:29.498+0000] {logging_mixin.py:190} INFO - [2026-06-18T23:28:29.497+0000] {dagbag.py:587} INFO - Filling up the DagBag from /opt/airflow/dags/predictions_dag.py
[2026-06-18T23:28:29.711+0000] {processor.py:925} INFO - DAG(s) 'daily_predictions' retrieved from /opt/airflow/dags/predictions_dag.py
[2026-06-18T23:28:29.722+0000] {logging_mixin.py:190} INFO - [2026-06-18T23:28:29.722+0000] {dag.py:3211} INFO - Sync 1 DAGs
[2026-06-18T23:28:29.733+0000] {logging_mixin.py:190} INFO - [2026-06-18T23:28:29.733+0000] {dag.py:4138} INFO - Setting next_dagrun for daily_predictions to 2026-06-18 10:00:00+00:00, run_after=2026-06-19 10:00:00+00:00
[2026-06-18T23:28:29.744+0000] {processor.py:208} INFO - Processing /opt/airflow/dags/predictions_dag.py took 0.266 seconds
[2026-06-18T23:29:00.452+0000] {processor.py:186} INFO - Started process (PID=257) to work on /opt/airflow/dags/predictions_dag.py
[2026-06-18T23:29:00.454+0000] {processor.py:914} INFO - Processing file /opt/airflow/dags/predictions_dag.py for tasks to queue
[2026-06-18T23:29:00.460+0000] {logging_mixin.py:190} INFO - [2026-06-18T23:29:00.459+0000] {dagbag.py:587} INFO - Filling up the DagBag from /opt/airflow/dags/predictions_dag.py
[2026-06-18T23:29:00.704+0000] {processor.py:925} INFO - DAG(s) 'daily_predictions' retrieved from /opt/airflow/dags/predictions_dag.py
[2026-06-18T23:29:00.720+0000] {logging_mixin.py:190} INFO - [2026-06-18T23:29:00.720+0000] {dag.py:3211} INFO - Sync 1 DAGs
[2026-06-18T23:29:00.737+0000] {logging_mixin.py:190} INFO - [2026-06-18T23:29:00.737+0000] {dag.py:4138} INFO - Setting next_dagrun for daily_predictions to 2026-06-18 10:00:00+00:00, run_after=2026-06-19 10:00:00+00:00
[2026-06-18T23:29:00.749+0000] {processor.py:208} INFO - Processing /opt/airflow/dags/predictions_dag.py took 0.313 seconds
[2026-06-18T23:29:31.468+0000] {processor.py:186} INFO - Started process (PID=291) to work on /opt/airflow/dags/predictions_dag.py
[2026-06-18T23:29:31.471+0000] {processor.py:914} INFO - Processing file /opt/airflow/dags/predictions_dag.py for tasks to queue
[2026-06-18T23:29:31.479+0000] {logging_mixin.py:190} INFO - [2026-06-18T23:29:31.478+0000] {dagbag.py:587} INFO - Filling up the DagBag from /opt/airflow/dags/predictions_dag.py
[2026-06-18T23:29:31.813+0000] {processor.py:925} INFO - DAG(s) 'daily_predictions' retrieved from /opt/airflow/dags/predictions_dag.py
[2026-06-18T23:29:31.833+0000] {logging_mixin.py:190} INFO - [2026-06-18T23:29:31.833+0000] {dag.py:3211} INFO - Sync 1 DAGs
[2026-06-18T23:29:31.860+0000] {logging_mixin.py:190} INFO - [2026-06-18T23:29:31.859+0000] {dag.py:4138} INFO - Setting next_dagrun for daily_predictions to 2026-06-18 10:00:00+00:00, run_after=2026-06-19 10:00:00+00:00
[2026-06-18T23:29:31.873+0000] {processor.py:208} INFO - Processing /opt/airflow/dags/predictions_dag.py took 0.429 seconds
[2026-06-18T23:30:02.670+0000] {processor.py:186} INFO - Started process (PID=294) to work on /opt/airflow/dags/predictions_dag.py
[2026-06-18T23:30:02.671+0000] {processor.py:914} INFO - Processing file /opt/airflow/dags/predictions_dag.py for tasks to queue
[2026-06-18T23:30:02.771+0000] {logging_mixin.py:190} INFO - [2026-06-18T23:30:02.766+0000] {dagbag.py:587} INFO - Filling up the DagBag from /opt/airflow/dags/predictions_dag.py
[2026-06-18T23:30:03.165+0000] {processor.py:925} INFO - DAG(s) 'daily_predictions' retrieved from /opt/airflow/dags/predictions_dag.py
[2026-06-18T23:30:03.188+0000] {logging_mixin.py:190} INFO - [2026-06-18T23:30:03.188+0000] {dag.py:3211} INFO - Sync 1 DAGs
[2026-06-18T23:30:03.204+0000] {logging_mixin.py:190} INFO - [2026-06-18T23:30:03.204+0000] {dag.py:4138} INFO - Setting next_dagrun for daily_predictions to 2026-06-18 10:00:00+00:00, run_after=2026-06-19 10:00:00+00:00
[2026-06-18T23:30:03.231+0000] {processor.py:208} INFO - Processing /opt/airflow/dags/predictions_dag.py took 0.575 seconds
[2026-06-18T23:30:33.761+0000] {processor.py:186} INFO - Started process (PID=297) to work on /opt/airflow/dags/predictions_dag.py
[2026-06-18T23:30:33.764+0000] {processor.py:914} INFO - Processing file /opt/airflow/dags/predictions_dag.py for tasks to queue
[2026-06-18T23:30:33.770+0000] {logging_mixin.py:190} INFO - [2026-06-18T23:30:33.769+0000] {dagbag.py:587} INFO - Filling up the DagBag from /opt/airflow/dags/predictions_dag.py
[2026-06-18T23:30:34.003+0000] {processor.py:925} INFO - DAG(s) 'daily_predictions' retrieved from /opt/airflow/dags/predictions_dag.py
[2026-06-18T23:30:34.023+0000] {logging_mixin.py:190} INFO - [2026-06-18T23:30:34.022+0000] {dag.py:3211} INFO - Sync 1 DAGs
[2026-06-18T23:30:34.039+0000] {logging_mixin.py:190} INFO - [2026-06-18T23:30:34.038+0000] {dag.py:4138} INFO - Setting next_dagrun for daily_predictions to 2026-06-18 10:00:00+00:00, run_after=2026-06-19 10:00:00+00:00
[2026-06-18T23:30:34.050+0000] {processor.py:208} INFO - Processing /opt/airflow/dags/predictions_dag.py took 0.303 seconds
[2026-06-18T23:31:04.526+0000] {processor.py:186} INFO - Started process (PID=301) to work on /opt/airflow/dags/predictions_dag.py
[2026-06-18T23:31:04.527+0000] {processor.py:914} INFO - Processing file /opt/airflow/dags/predictions_dag.py for tasks to queue
[2026-06-18T23:31:04.529+0000] {logging_mixin.py:190} INFO - [2026-06-18T23:31:04.529+0000] {dagbag.py:587} INFO - Filling up the DagBag from /opt/airflow/dags/predictions_dag.py
[2026-06-18T23:31:04.756+0000] {processor.py:925} INFO - DAG(s) 'daily_predictions' retrieved from /opt/airflow/dags/predictions_dag.py
[2026-06-18T23:31:04.770+0000] {logging_mixin.py:190} INFO - [2026-06-18T23:31:04.769+0000] {dag.py:3211} INFO - Sync 1 DAGs
[2026-06-18T23:31:04.783+0000] {logging_mixin.py:190} INFO - [2026-06-18T23:31:04.783+0000] {dag.py:4138} INFO - Setting next_dagrun for daily_predictions to 2026-06-18 10:00:00+00:00, run_after=2026-06-19 10:00:00+00:00
[2026-06-18T23:31:04.793+0000] {processor.py:208} INFO - Processing /opt/airflow/dags/predictions_dag.py took 0.273 seconds
[2026-06-18T23:31:22.294+0000] {processor.py:186} INFO - Started process (PID=303) to work on /opt/airflow/dags/predictions_dag.py
[2026-06-18T23:31:22.296+0000] {processor.py:914} INFO - Processing file /opt/airflow/dags/predictions_dag.py for tasks to queue
[2026-06-18T23:31:22.305+0000] {logging_mixin.py:190} INFO - [2026-06-18T23:31:22.304+0000] {dagbag.py:587} INFO - Filling up the DagBag from /opt/airflow/dags/predictions_dag.py
[2026-06-18T23:31:22.585+0000] {processor.py:925} INFO - DAG(s) 'daily_predictions' retrieved from /opt/airflow/dags/predictions_dag.py
[2026-06-18T23:31:22.668+0000] {logging_mixin.py:190} INFO - [2026-06-18T23:31:22.668+0000] {dag.py:3211} INFO - Sync 1 DAGs
[2026-06-18T23:31:22.680+0000] {logging_mixin.py:190} INFO - [2026-06-18T23:31:22.680+0000] {dag.py:4138} INFO - Setting next_dagrun for daily_predictions to 2026-06-01 10:00:00+00:00, run_after=2026-07-01 10:00:00+00:00
[2026-06-18T23:31:22.692+0000] {processor.py:208} INFO - Processing /opt/airflow/dags/predictions_dag.py took 0.415 seconds
[2026-06-18T23:31:53.757+0000] {processor.py:186} INFO - Started process (PID=306) to work on /opt/airflow/dags/predictions_dag.py
[2026-06-18T23:31:53.759+0000] {processor.py:914} INFO - Processing file /opt/airflow/dags/predictions_dag.py for tasks to queue
[2026-06-18T23:31:53.769+0000] {logging_mixin.py:190} INFO - [2026-06-18T23:31:53.768+0000] {dagbag.py:587} INFO - Filling up the DagBag from /opt/airflow/dags/predictions_dag.py
[2026-06-18T23:31:54.053+0000] {processor.py:925} INFO - DAG(s) 'daily_predictions' retrieved from /opt/airflow/dags/predictions_dag.py
[2026-06-18T23:31:54.066+0000] {logging_mixin.py:190} INFO - [2026-06-18T23:31:54.065+0000] {dag.py:3211} INFO - Sync 1 DAGs
[2026-06-18T23:31:54.080+0000] {logging_mixin.py:190} INFO - [2026-06-18T23:31:54.080+0000] {dag.py:4138} INFO - Setting next_dagrun for daily_predictions to 2026-06-01 10:00:00+00:00, run_after=2026-07-01 10:00:00+00:00
[2026-06-18T23:31:54.090+0000] {processor.py:208} INFO - Processing /opt/airflow/dags/predictions_dag.py took 0.347 seconds
[2026-06-18T23:32:25.163+0000] {processor.py:186} INFO - Started process (PID=309) to work on /opt/airflow/dags/predictions_dag.py
[2026-06-18T23:32:25.168+0000] {processor.py:914} INFO - Processing file /opt/airflow/dags/predictions_dag.py for tasks to queue
[2026-06-18T23:32:25.174+0000] {logging_mixin.py:190} INFO - [2026-06-18T23:32:25.173+0000] {dagbag.py:587} INFO - Filling up the DagBag from /opt/airflow/dags/predictions_dag.py
[2026-06-18T23:32:25.487+0000] {processor.py:925} INFO - DAG(s) 'daily_predictions' retrieved from /opt/airflow/dags/predictions_dag.py
[2026-06-18T23:32:25.501+0000] {logging_mixin.py:190} INFO - [2026-06-18T23:32:25.500+0000] {dag.py:3211} INFO - Sync 1 DAGs
[2026-06-18T23:32:25.516+0000] {logging_mixin.py:190} INFO - [2026-06-18T23:32:25.516+0000] {dag.py:4138} INFO - Setting next_dagrun for daily_predictions to 2026-06-01 10:00:00+00:00, run_after=2026-07-01 10:00:00+00:00
[2026-06-18T23:32:25.528+0000] {processor.py:208} INFO - Processing /opt/airflow/dags/predictions_dag.py took 0.377 seconds
[2026-06-18T23:32:56.332+0000] {processor.py:186} INFO - Started process (PID=312) to work on /opt/airflow/dags/predictions_dag.py
[2026-06-18T23:32:56.333+0000] {processor.py:914} INFO - Processing file /opt/airflow/dags/predictions_dag.py for tasks to queue
[2026-06-18T23:32:56.338+0000] {logging_mixin.py:190} INFO - [2026-06-18T23:32:56.338+0000] {dagbag.py:587} INFO - Filling up the DagBag from /opt/airflow/dags/predictions_dag.py
[2026-06-18T23:32:56.647+0000] {processor.py:925} INFO - DAG(s) 'daily_predictions' retrieved from /opt/airflow/dags/predictions_dag.py
[2026-06-18T23:32:56.664+0000] {logging_mixin.py:190} INFO - [2026-06-18T23:32:56.664+0000] {dag.py:3211} INFO - Sync 1 DAGs
[2026-06-18T23:32:56.677+0000] {logging_mixin.py:190} INFO - [2026-06-18T23:32:56.677+0000] {dag.py:4138} INFO - Setting next_dagrun for daily_predictions to 2026-06-01 10:00:00+00:00, run_after=2026-07-01 10:00:00+00:00
[2026-06-18T23:32:56.692+0000] {processor.py:208} INFO - Processing /opt/airflow/dags/predictions_dag.py took 0.370 seconds
[2026-06-18T23:33:27.157+0000] {processor.py:186} INFO - Started process (PID=315) to work on /opt/airflow/dags/predictions_dag.py
[2026-06-18T23:33:27.159+0000] {processor.py:914} INFO - Processing file /opt/airflow/dags/predictions_dag.py for tasks to queue
[2026-06-18T23:33:27.165+0000] {logging_mixin.py:190} INFO - [2026-06-18T23:33:27.163+0000] {dagbag.py:587} INFO - Filling up the DagBag from /opt/airflow/dags/predictions_dag.py
[2026-06-18T23:33:27.475+0000] {processor.py:925} INFO - DAG(s) 'daily_predictions' retrieved from /opt/airflow/dags/predictions_dag.py
[2026-06-18T23:33:27.489+0000] {logging_mixin.py:190} INFO - [2026-06-18T23:33:27.489+0000] {dag.py:3211} INFO - Sync 1 DAGs
[2026-06-18T23:33:27.505+0000] {logging_mixin.py:190} INFO - [2026-06-18T23:33:27.505+0000] {dag.py:4138} INFO - Setting next_dagrun for daily_predictions to 2026-06-01 10:00:00+00:00, run_after=2026-07-01 10:00:00+00:00
[2026-06-18T23:33:27.516+0000] {processor.py:208} INFO - Processing /opt/airflow/dags/predictions_dag.py took 0.373 seconds
[2026-06-18T23:34:00.301+0000] {processor.py:186} INFO - Started process (PID=349) to work on /opt/airflow/dags/predictions_dag.py
[2026-06-18T23:34:00.305+0000] {processor.py:914} INFO - Processing file /opt/airflow/dags/predictions_dag.py for tasks to queue
[2026-06-18T23:34:00.311+0000] {logging_mixin.py:190} INFO - [2026-06-18T23:34:00.309+0000] {dagbag.py:587} INFO - Filling up the DagBag from /opt/airflow/dags/predictions_dag.py
[2026-06-18T23:34:00.718+0000] {processor.py:925} INFO - DAG(s) 'daily_predictions' retrieved from /opt/airflow/dags/predictions_dag.py
[2026-06-18T23:34:00.751+0000] {logging_mixin.py:190} INFO - [2026-06-18T23:34:00.751+0000] {dag.py:3211} INFO - Sync 1 DAGs
[2026-06-18T23:34:00.771+0000] {logging_mixin.py:190} INFO - [2026-06-18T23:34:00.771+0000] {dag.py:4138} INFO - Setting next_dagrun for daily_predictions to 2026-06-01 10:00:00+00:00, run_after=2026-07-01 10:00:00+00:00
[2026-06-18T23:34:00.787+0000] {processor.py:208} INFO - Processing /opt/airflow/dags/predictions_dag.py took 0.496 seconds
[2026-06-18T23:34:31.655+0000] {processor.py:186} INFO - Started process (PID=352) to work on /opt/airflow/dags/predictions_dag.py
[2026-06-18T23:34:31.657+0000] {processor.py:914} INFO - Processing file /opt/airflow/dags/predictions_dag.py for tasks to queue
[2026-06-18T23:34:31.662+0000] {logging_mixin.py:190} INFO - [2026-06-18T23:34:31.661+0000] {dagbag.py:587} INFO - Filling up the DagBag from /opt/airflow/dags/predictions_dag.py
[2026-06-18T23:34:31.949+0000] {processor.py:925} INFO - DAG(s) 'daily_predictions' retrieved from /opt/airflow/dags/predictions_dag.py
[2026-06-18T23:34:31.966+0000] {logging_mixin.py:190} INFO - [2026-06-18T23:34:31.966+0000] {dag.py:3211} INFO - Sync 1 DAGs
[2026-06-18T23:34:31.985+0000] {logging_mixin.py:190} INFO - [2026-06-18T23:34:31.985+0000] {dag.py:4138} INFO - Setting next_dagrun for daily_predictions to 2026-06-01 10:00:00+00:00, run_after=2026-07-01 10:00:00+00:00
[2026-06-18T23:34:32.002+0000] {processor.py:208} INFO - Processing /opt/airflow/dags/predictions_dag.py took 0.362 seconds
[2026-06-18T23:35:03.042+0000] {processor.py:186} INFO - Started process (PID=355) to work on /opt/airflow/dags/predictions_dag.py
[2026-06-18T23:35:03.044+0000] {processor.py:914} INFO - Processing file /opt/airflow/dags/predictions_dag.py for tasks to queue
[2026-06-18T23:35:03.052+0000] {logging_mixin.py:190} INFO - [2026-06-18T23:35:03.051+0000] {dagbag.py:587} INFO - Filling up the DagBag from /opt/airflow/dags/predictions_dag.py
[2026-06-18T23:35:03.373+0000] {processor.py:925} INFO - DAG(s) 'daily_predictions' retrieved from /opt/airflow/dags/predictions_dag.py
[2026-06-18T23:35:03.392+0000] {logging_mixin.py:190} INFO - [2026-06-18T23:35:03.392+0000] {dag.py:3211} INFO - Sync 1 DAGs
[2026-06-18T23:35:03.410+0000] {logging_mixin.py:190} INFO - [2026-06-18T23:35:03.410+0000] {dag.py:4138} INFO - Setting next_dagrun for daily_predictions to 2026-06-01 10:00:00+00:00, run_after=2026-07-01 10:00:00+00:00
[2026-06-18T23:35:03.424+0000] {processor.py:208} INFO - Processing /opt/airflow/dags/predictions_dag.py took 0.395 seconds
[2026-06-18T23:35:34.530+0000] {processor.py:186} INFO - Started process (PID=358) to work on /opt/airflow/dags/predictions_dag.py
[2026-06-18T23:35:34.532+0000] {processor.py:914} INFO - Processing file /opt/airflow/dags/predictions_dag.py for tasks to queue
[2026-06-18T23:35:34.536+0000] {logging_mixin.py:190} INFO - [2026-06-18T23:35:34.535+0000] {dagbag.py:587} INFO - Filling up the DagBag from /opt/airflow/dags/predictions_dag.py
[2026-06-18T23:35:34.815+0000] {processor.py:925} INFO - DAG(s) 'daily_predictions' retrieved from /opt/airflow/dags/predictions_dag.py
[2026-06-18T23:35:34.839+0000] {logging_mixin.py:190} INFO - [2026-06-18T23:35:34.839+0000] {dag.py:3211} INFO - Sync 1 DAGs
[2026-06-18T23:35:34.855+0000] {logging_mixin.py:190} INFO - [2026-06-18T23:35:34.855+0000] {dag.py:4138} INFO - Setting next_dagrun for daily_predictions to 2026-06-01 10:00:00+00:00, run_after=2026-07-01 10:00:00+00:00
[2026-06-18T23:35:34.867+0000] {processor.py:208} INFO - Processing /opt/airflow/dags/predictions_dag.py took 0.354 seconds
[2026-06-18T23:36:05.391+0000] {processor.py:186} INFO - Started process (PID=361) to work on /opt/airflow/dags/predictions_dag.py
[2026-06-18T23:36:05.392+0000] {processor.py:914} INFO - Processing file /opt/airflow/dags/predictions_dag.py for tasks to queue
[2026-06-18T23:36:05.396+0000] {logging_mixin.py:190} INFO - [2026-06-18T23:36:05.395+0000] {dagbag.py:587} INFO - Filling up the DagBag from /opt/airflow/dags/predictions_dag.py
[2026-06-18T23:36:05.742+0000] {processor.py:925} INFO - DAG(s) 'daily_predictions' retrieved from /opt/airflow/dags/predictions_dag.py
[2026-06-18T23:36:05.772+0000] {logging_mixin.py:190} INFO - [2026-06-18T23:36:05.771+0000] {dag.py:3211} INFO - Sync 1 DAGs
[2026-06-18T23:36:05.799+0000] {logging_mixin.py:190} INFO - [2026-06-18T23:36:05.798+0000] {dag.py:4138} INFO - Setting next_dagrun for daily_predictions to 2026-06-01 10:00:00+00:00, run_after=2026-07-01 10:00:00+00:00
[2026-06-18T23:36:05.813+0000] {processor.py:208} INFO - Processing /opt/airflow/dags/predictions_dag.py took 0.438 seconds
[2026-06-18T23:36:36.298+0000] {processor.py:186} INFO - Started process (PID=364) to work on /opt/airflow/dags/predictions_dag.py
[2026-06-18T23:36:36.301+0000] {processor.py:914} INFO - Processing file /opt/airflow/dags/predictions_dag.py for tasks to queue
[2026-06-18T23:36:36.307+0000] {logging_mixin.py:190} INFO - [2026-06-18T23:36:36.306+0000] {dagbag.py:587} INFO - Filling up the DagBag from /opt/airflow/dags/predictions_dag.py
[2026-06-18T23:36:36.780+0000] {processor.py:925} INFO - DAG(s) 'daily_predictions' retrieved from /opt/airflow/dags/predictions_dag.py
[2026-06-18T23:36:36.806+0000] {logging_mixin.py:190} INFO - [2026-06-18T23:36:36.806+0000] {dag.py:3211} INFO - Sync 1 DAGs
[2026-06-18T23:36:36.827+0000] {logging_mixin.py:190} INFO - [2026-06-18T23:36:36.827+0000] {dag.py:4138} INFO - Setting next_dagrun for daily_predictions to 2026-06-01 10:00:00+00:00, run_after=2026-07-01 10:00:00+00:00
[2026-06-18T23:36:36.841+0000] {processor.py:208} INFO - Processing /opt/airflow/dags/predictions_dag.py took 0.565 seconds
[2026-06-18T23:37:07.467+0000] {processor.py:186} INFO - Started process (PID=367) to work on /opt/airflow/dags/predictions_dag.py
[2026-06-18T23:37:07.471+0000] {processor.py:914} INFO - Processing file /opt/airflow/dags/predictions_dag.py for tasks to queue
[2026-06-18T23:37:07.479+0000] {logging_mixin.py:190} INFO - [2026-06-18T23:37:07.478+0000] {dagbag.py:587} INFO - Filling up the DagBag from /opt/airflow/dags/predictions_dag.py
[2026-06-18T23:37:07.720+0000] {processor.py:925} INFO - DAG(s) 'daily_predictions' retrieved from /opt/airflow/dags/predictions_dag.py
[2026-06-18T23:37:07.739+0000] {logging_mixin.py:190} INFO - [2026-06-18T23:37:07.739+0000] {dag.py:3211} INFO - Sync 1 DAGs
[2026-06-18T23:37:07.755+0000] {logging_mixin.py:190} INFO - [2026-06-18T23:37:07.755+0000] {dag.py:4138} INFO - Setting next_dagrun for daily_predictions to 2026-06-01 10:00:00+00:00, run_after=2026-07-01 10:00:00+00:00
[2026-06-18T23:37:07.769+0000] {processor.py:208} INFO - Processing /opt/airflow/dags/predictions_dag.py took 0.314 seconds
[2026-06-18T23:37:38.269+0000] {processor.py:186} INFO - Started process (PID=370) to work on /opt/airflow/dags/predictions_dag.py
[2026-06-18T23:37:38.275+0000] {processor.py:914} INFO - Processing file /opt/airflow/dags/predictions_dag.py for tasks to queue
[2026-06-18T23:37:38.282+0000] {logging_mixin.py:190} INFO - [2026-06-18T23:37:38.281+0000] {dagbag.py:587} INFO - Filling up the DagBag from /opt/airflow/dags/predictions_dag.py
[2026-06-18T23:37:38.518+0000] {processor.py:925} INFO - DAG(s) 'daily_predictions' retrieved from /opt/airflow/dags/predictions_dag.py
[2026-06-18T23:37:38.531+0000] {logging_mixin.py:190} INFO - [2026-06-18T23:37:38.531+0000] {dag.py:3211} INFO - Sync 1 DAGs
[2026-06-18T23:37:38.547+0000] {logging_mixin.py:190} INFO - [2026-06-18T23:37:38.547+0000] {dag.py:4138} INFO - Setting next_dagrun for daily_predictions to 2026-06-01 10:00:00+00:00, run_after=2026-07-01 10:00:00+00:00
[2026-06-18T23:37:38.562+0000] {processor.py:208} INFO - Processing /opt/airflow/dags/predictions_dag.py took 0.305 seconds
[2026-06-18T23:38:09.162+0000] {processor.py:186} INFO - Started process (PID=373) to work on /opt/airflow/dags/predictions_dag.py
[2026-06-18T23:38:09.165+0000] {processor.py:914} INFO - Processing file /opt/airflow/dags/predictions_dag.py for tasks to queue
[2026-06-18T23:38:09.172+0000] {logging_mixin.py:190} INFO - [2026-06-18T23:38:09.171+0000] {dagbag.py:587} INFO - Filling up the DagBag from /opt/airflow/dags/predictions_dag.py
[2026-06-18T23:38:09.431+0000] {processor.py:925} INFO - DAG(s) 'daily_predictions' retrieved from /opt/airflow/dags/predictions_dag.py
[2026-06-18T23:38:09.449+0000] {logging_mixin.py:190} INFO - [2026-06-18T23:38:09.449+0000] {dag.py:3211} INFO - Sync 1 DAGs
[2026-06-18T23:38:09.461+0000] {logging_mixin.py:190} INFO - [2026-06-18T23:38:09.461+0000] {dag.py:4138} INFO - Setting next_dagrun for daily_predictions to 2026-06-01 10:00:00+00:00, run_after=2026-07-01 10:00:00+00:00
[2026-06-18T23:38:09.472+0000] {processor.py:208} INFO - Processing /opt/airflow/dags/predictions_dag.py took 0.325 seconds
[2026-06-18T23:38:40.119+0000] {processor.py:186} INFO - Started process (PID=376) to work on /opt/airflow/dags/predictions_dag.py
[2026-06-18T23:38:40.120+0000] {processor.py:914} INFO - Processing file /opt/airflow/dags/predictions_dag.py for tasks to queue
[2026-06-18T23:38:40.124+0000] {logging_mixin.py:190} INFO - [2026-06-18T23:38:40.123+0000] {dagbag.py:587} INFO - Filling up the DagBag from /opt/airflow/dags/predictions_dag.py
[2026-06-18T23:38:40.354+0000] {processor.py:925} INFO - DAG(s) 'daily_predictions' retrieved from /opt/airflow/dags/predictions_dag.py
[2026-06-18T23:38:40.371+0000] {logging_mixin.py:190} INFO - [2026-06-18T23:38:40.371+0000] {dag.py:3211} INFO - Sync 1 DAGs
[2026-06-18T23:38:40.383+0000] {logging_mixin.py:190} INFO - [2026-06-18T23:38:40.383+0000] {dag.py:4138} INFO - Setting next_dagrun for daily_predictions to 2026-06-01 10:00:00+00:00, run_after=2026-07-01 10:00:00+00:00
[2026-06-18T23:38:40.395+0000] {processor.py:208} INFO - Processing /opt/airflow/dags/predictions_dag.py took 0.287 seconds
[2026-06-18T23:39:10.753+0000] {processor.py:186} INFO - Started process (PID=379) to work on /opt/airflow/dags/predictions_dag.py
[2026-06-18T23:39:10.754+0000] {processor.py:914} INFO - Processing file /opt/airflow/dags/predictions_dag.py for tasks to queue
[2026-06-18T23:39:10.758+0000] {logging_mixin.py:190} INFO - [2026-06-18T23:39:10.757+0000] {dagbag.py:587} INFO - Filling up the DagBag from /opt/airflow/dags/predictions_dag.py
[2026-06-18T23:39:11.093+0000] {processor.py:925} INFO - DAG(s) 'daily_predictions' retrieved from /opt/airflow/dags/predictions_dag.py
[2026-06-18T23:39:11.117+0000] {logging_mixin.py:190} INFO - [2026-06-18T23:39:11.116+0000] {dag.py:3211} INFO - Sync 1 DAGs
[2026-06-18T23:39:11.136+0000] {logging_mixin.py:190} INFO - [2026-06-18T23:39:11.136+0000] {dag.py:4138} INFO - Setting next_dagrun for daily_predictions to 2026-06-01 10:00:00+00:00, run_after=2026-07-01 10:00:00+00:00
[2026-06-18T23:39:11.148+0000] {processor.py:208} INFO - Processing /opt/airflow/dags/predictions_dag.py took 0.403 seconds
[2026-06-18T23:39:41.634+0000] {processor.py:186} INFO - Started process (PID=382) to work on /opt/airflow/dags/predictions_dag.py
[2026-06-18T23:39:41.639+0000] {processor.py:914} INFO - Processing file /opt/airflow/dags/predictions_dag.py for tasks to queue
[2026-06-18T23:39:41.647+0000] {logging_mixin.py:190} INFO - [2026-06-18T23:39:41.646+0000] {dagbag.py:587} INFO - Filling up the DagBag from /opt/airflow/dags/predictions_dag.py
[2026-06-18T23:39:42.068+0000] {processor.py:925} INFO - DAG(s) 'daily_predictions' retrieved from /opt/airflow/dags/predictions_dag.py
[2026-06-18T23:39:42.089+0000] {logging_mixin.py:190} INFO - [2026-06-18T23:39:42.089+0000] {dag.py:3211} INFO - Sync 1 DAGs
[2026-06-18T23:39:42.115+0000] {logging_mixin.py:190} INFO - [2026-06-18T23:39:42.115+0000] {dag.py:4138} INFO - Setting next_dagrun for daily_predictions to 2026-06-01 10:00:00+00:00, run_after=2026-07-01 10:00:00+00:00
[2026-06-18T23:39:42.139+0000] {processor.py:208} INFO - Processing /opt/airflow/dags/predictions_dag.py took 0.516 seconds
[2026-06-18T23:40:12.490+0000] {processor.py:186} INFO - Started process (PID=385) to work on /opt/airflow/dags/predictions_dag.py
[2026-06-18T23:40:12.492+0000] {processor.py:914} INFO - Processing file /opt/airflow/dags/predictions_dag.py for tasks to queue
[2026-06-18T23:40:12.499+0000] {logging_mixin.py:190} INFO - [2026-06-18T23:40:12.498+0000] {dagbag.py:587} INFO - Filling up the DagBag from /opt/airflow/dags/predictions_dag.py
[2026-06-18T23:40:13.021+0000] {processor.py:925} INFO - DAG(s) 'daily_predictions' retrieved from /opt/airflow/dags/predictions_dag.py
[2026-06-18T23:40:13.050+0000] {logging_mixin.py:190} INFO - [2026-06-18T23:40:13.050+0000] {dag.py:3211} INFO - Sync 1 DAGs
[2026-06-18T23:40:13.066+0000] {logging_mixin.py:190} INFO - [2026-06-18T23:40:13.066+0000] {dag.py:4138} INFO - Setting next_dagrun for daily_predictions to 2026-06-01 10:00:00+00:00, run_after=2026-07-01 10:00:00+00:00
[2026-06-18T23:40:13.079+0000] {processor.py:208} INFO - Processing /opt/airflow/dags/predictions_dag.py took 0.603 seconds
[2026-06-18T23:40:43.396+0000] {processor.py:186} INFO - Started process (PID=388) to work on /opt/airflow/dags/predictions_dag.py
[2026-06-18T23:40:43.398+0000] {processor.py:914} INFO - Processing file /opt/airflow/dags/predictions_dag.py for tasks to queue
[2026-06-18T23:40:43.407+0000] {logging_mixin.py:190} INFO - [2026-06-18T23:40:43.402+0000] {dagbag.py:587} INFO - Filling up the DagBag from /opt/airflow/dags/predictions_dag.py
[2026-06-18T23:40:43.734+0000] {processor.py:925} INFO - DAG(s) 'daily_predictions' retrieved from /opt/airflow/dags/predictions_dag.py
[2026-06-18T23:40:43.755+0000] {logging_mixin.py:190} INFO - [2026-06-18T23:40:43.755+0000] {dag.py:3211} INFO - Sync 1 DAGs
[2026-06-18T23:40:43.771+0000] {logging_mixin.py:190} INFO - [2026-06-18T23:40:43.771+0000] {dag.py:4138} INFO - Setting next_dagrun for daily_predictions to 2026-06-01 10:00:00+00:00, run_after=2026-07-01 10:00:00+00:00
[2026-06-18T23:40:43.786+0000] {processor.py:208} INFO - Processing /opt/airflow/dags/predictions_dag.py took 0.417 seconds
[2026-06-18T23:41:14.079+0000] {processor.py:186} INFO - Started process (PID=391) to work on /opt/airflow/dags/predictions_dag.py
[2026-06-18T23:41:14.081+0000] {processor.py:914} INFO - Processing file /opt/airflow/dags/predictions_dag.py for tasks to queue
[2026-06-18T23:41:14.084+0000] {logging_mixin.py:190} INFO - [2026-06-18T23:41:14.084+0000] {dagbag.py:587} INFO - Filling up the DagBag from /opt/airflow/dags/predictions_dag.py
[2026-06-18T23:41:14.479+0000] {processor.py:925} INFO - DAG(s) 'daily_predictions' retrieved from /opt/airflow/dags/predictions_dag.py
[2026-06-18T23:41:14.502+0000] {logging_mixin.py:190} INFO - [2026-06-18T23:41:14.501+0000] {dag.py:3211} INFO - Sync 1 DAGs
[2026-06-18T23:41:14.518+0000] {logging_mixin.py:190} INFO - [2026-06-18T23:41:14.518+0000] {dag.py:4138} INFO - Setting next_dagrun for daily_predictions to 2026-06-01 10:00:00+00:00, run_after=2026-07-01 10:00:00+00:00
[2026-06-18T23:41:14.534+0000] {processor.py:208} INFO - Processing /opt/airflow/dags/predictions_dag.py took 0.477 seconds
[2026-06-18T23:41:44.778+0000] {processor.py:186} INFO - Started process (PID=394) to work on /opt/airflow/dags/predictions_dag.py
[2026-06-18T23:41:44.783+0000] {processor.py:914} INFO - Processing file /opt/airflow/dags/predictions_dag.py for tasks to queue
[2026-06-18T23:41:44.795+0000] {logging_mixin.py:190} INFO - [2026-06-18T23:41:44.793+0000] {dagbag.py:587} INFO - Filling up the DagBag from /opt/airflow/dags/predictions_dag.py
[2026-06-18T23:41:45.834+0000] {processor.py:925} INFO - DAG(s) 'daily_predictions' retrieved from /opt/airflow/dags/predictions_dag.py
[2026-06-18T23:41:45.895+0000] {logging_mixin.py:190} INFO - [2026-06-18T23:41:45.894+0000] {dag.py:3211} INFO - Sync 1 DAGs
[2026-06-18T23:41:45.945+0000] {logging_mixin.py:190} INFO - [2026-06-18T23:41:45.945+0000] {dag.py:4138} INFO - Setting next_dagrun for daily_predictions to 2026-06-01 10:00:00+00:00, run_after=2026-07-01 10:00:00+00:00
[2026-06-18T23:41:46.023+0000] {processor.py:208} INFO - Processing /opt/airflow/dags/predictions_dag.py took 1.276 seconds
[2026-06-18T23:42:16.181+0000] {processor.py:186} INFO - Started process (PID=397) to work on /opt/airflow/dags/predictions_dag.py
[2026-06-18T23:42:16.185+0000] {processor.py:914} INFO - Processing file /opt/airflow/dags/predictions_dag.py for tasks to queue
[2026-06-18T23:42:16.203+0000] {logging_mixin.py:190} INFO - [2026-06-18T23:42:16.201+0000] {dagbag.py:587} INFO - Filling up the DagBag from /opt/airflow/dags/predictions_dag.py
[2026-06-18T23:42:17.271+0000] {processor.py:925} INFO - DAG(s) 'daily_predictions' retrieved from /opt/airflow/dags/predictions_dag.py
[2026-06-18T23:42:17.359+0000] {logging_mixin.py:190} INFO - [2026-06-18T23:42:17.358+0000] {dag.py:3211} INFO - Sync 1 DAGs
[2026-06-18T23:42:17.793+0000] {logging_mixin.py:190} INFO - [2026-06-18T23:42:17.791+0000] {dag.py:4138} INFO - Setting next_dagrun for daily_predictions to 2026-06-01 10:00:00+00:00, run_after=2026-07-01 10:00:00+00:00
[2026-06-18T23:42:17.934+0000] {processor.py:208} INFO - Processing /opt/airflow/dags/predictions_dag.py took 1.779 seconds
[2026-06-18T23:42:48.456+0000] {processor.py:186} INFO - Started process (PID=400) to work on /opt/airflow/dags/predictions_dag.py
[2026-06-18T23:42:48.461+0000] {processor.py:914} INFO - Processing file /opt/airflow/dags/predictions_dag.py for tasks to queue
[2026-06-18T23:42:48.479+0000] {logging_mixin.py:190} INFO - [2026-06-18T23:42:48.476+0000] {dagbag.py:587} INFO - Filling up the DagBag from /opt/airflow/dags/predictions_dag.py
[2026-06-18T23:42:50.964+0000] {processor.py:925} INFO - DAG(s) 'daily_predictions' retrieved from /opt/airflow/dags/predictions_dag.py
[2026-06-18T23:42:51.163+0000] {logging_mixin.py:190} INFO - [2026-06-18T23:42:51.141+0000] {dag.py:3211} INFO - Sync 1 DAGs
[2026-06-18T23:42:51.288+0000] {logging_mixin.py:190} INFO - [2026-06-18T23:42:51.287+0000] {dag.py:4138} INFO - Setting next_dagrun for daily_predictions to 2026-06-01 10:00:00+00:00, run_after=2026-07-01 10:00:00+00:00
[2026-06-18T23:42:51.534+0000] {processor.py:208} INFO - Processing /opt/airflow/dags/predictions_dag.py took 3.124 seconds
[2026-06-18T23:43:22.572+0000] {processor.py:186} INFO - Started process (PID=403) to work on /opt/airflow/dags/predictions_dag.py
[2026-06-18T23:43:22.577+0000] {processor.py:914} INFO - Processing file /opt/airflow/dags/predictions_dag.py for tasks to queue
[2026-06-18T23:43:22.596+0000] {logging_mixin.py:190} INFO - [2026-06-18T23:43:22.593+0000] {dagbag.py:587} INFO - Filling up the DagBag from /opt/airflow/dags/predictions_dag.py
[2026-06-18T23:43:23.826+0000] {processor.py:925} INFO - DAG(s) 'daily_predictions' retrieved from /opt/airflow/dags/predictions_dag.py
[2026-06-18T23:43:23.896+0000] {logging_mixin.py:190} INFO - [2026-06-18T23:43:23.895+0000] {dag.py:3211} INFO - Sync 1 DAGs
[2026-06-18T23:43:23.976+0000] {logging_mixin.py:190} INFO - [2026-06-18T23:43:23.976+0000] {dag.py:4138} INFO - Setting next_dagrun for daily_predictions to 2026-06-01 10:00:00+00:00, run_after=2026-07-01 10:00:00+00:00
[2026-06-18T23:43:24.107+0000] {processor.py:208} INFO - Processing /opt/airflow/dags/predictions_dag.py took 1.564 seconds
[2026-06-18T23:43:54.435+0000] {processor.py:186} INFO - Started process (PID=406) to work on /opt/airflow/dags/predictions_dag.py
[2026-06-18T23:43:54.441+0000] {processor.py:914} INFO - Processing file /opt/airflow/dags/predictions_dag.py for tasks to queue
[2026-06-18T23:43:54.460+0000] {logging_mixin.py:190} INFO - [2026-06-18T23:43:54.457+0000] {dagbag.py:587} INFO - Filling up the DagBag from /opt/airflow/dags/predictions_dag.py
[2026-06-18T23:43:55.647+0000] {processor.py:925} INFO - DAG(s) 'daily_predictions' retrieved from /opt/airflow/dags/predictions_dag.py
[2026-06-18T23:43:55.720+0000] {logging_mixin.py:190} INFO - [2026-06-18T23:43:55.719+0000] {dag.py:3211} INFO - Sync 1 DAGs
[2026-06-18T23:43:55.808+0000] {logging_mixin.py:190} INFO - [2026-06-18T23:43:55.808+0000] {dag.py:4138} INFO - Setting next_dagrun for daily_predictions to 2026-06-01 10:00:00+00:00, run_after=2026-07-01 10:00:00+00:00
[2026-06-18T23:43:55.863+0000] {processor.py:208} INFO - Processing /opt/airflow/dags/predictions_dag.py took 1.485 seconds
[2026-06-18T23:44:26.465+0000] {processor.py:186} INFO - Started process (PID=409) to work on /opt/airflow/dags/predictions_dag.py
[2026-06-18T23:44:26.471+0000] {processor.py:914} INFO - Processing file /opt/airflow/dags/predictions_dag.py for tasks to queue
[2026-06-18T23:44:26.494+0000] {logging_mixin.py:190} INFO - [2026-06-18T23:44:26.489+0000] {dagbag.py:587} INFO - Filling up the DagBag from /opt/airflow/dags/predictions_dag.py
[2026-06-18T23:44:28.128+0000] {processor.py:925} INFO - DAG(s) 'daily_predictions' retrieved from /opt/airflow/dags/predictions_dag.py
[2026-06-18T23:44:28.220+0000] {logging_mixin.py:190} INFO - [2026-06-18T23:44:28.219+0000] {dag.py:3211} INFO - Sync 1 DAGs
[2026-06-18T23:44:28.299+0000] {logging_mixin.py:190} INFO - [2026-06-18T23:44:28.299+0000] {dag.py:4138} INFO - Setting next_dagrun for daily_predictions to 2026-06-01 10:00:00+00:00, run_after=2026-07-01 10:00:00+00:00
[2026-06-18T23:44:28.376+0000] {processor.py:208} INFO - Processing /opt/airflow/dags/predictions_dag.py took 1.948 seconds
[2026-06-18T23:44:59.065+0000] {processor.py:186} INFO - Started process (PID=412) to work on /opt/airflow/dags/predictions_dag.py
[2026-06-18T23:44:59.075+0000] {processor.py:914} INFO - Processing file /opt/airflow/dags/predictions_dag.py for tasks to queue
[2026-06-18T23:44:59.096+0000] {logging_mixin.py:190} INFO - [2026-06-18T23:44:59.090+0000] {dagbag.py:587} INFO - Filling up the DagBag from /opt/airflow/dags/predictions_dag.py
[2026-06-18T23:45:01.001+0000] {processor.py:925} INFO - DAG(s) 'daily_predictions' retrieved from /opt/airflow/dags/predictions_dag.py
[2026-06-18T23:45:01.115+0000] {logging_mixin.py:190} INFO - [2026-06-18T23:45:01.113+0000] {dag.py:3211} INFO - Sync 1 DAGs
[2026-06-18T23:45:01.211+0000] {logging_mixin.py:190} INFO - [2026-06-18T23:45:01.210+0000] {dag.py:4138} INFO - Setting next_dagrun for daily_predictions to 2026-06-01 10:00:00+00:00, run_after=2026-07-01 10:00:00+00:00
[2026-06-18T23:45:01.396+0000] {processor.py:208} INFO - Processing /opt/airflow/dags/predictions_dag.py took 2.398 seconds
[2026-06-18T23:45:32.462+0000] {processor.py:186} INFO - Started process (PID=415) to work on /opt/airflow/dags/predictions_dag.py
[2026-06-18T23:45:32.468+0000] {processor.py:914} INFO - Processing file /opt/airflow/dags/predictions_dag.py for tasks to queue
[2026-06-18T23:45:32.489+0000] {logging_mixin.py:190} INFO - [2026-06-18T23:45:32.485+0000] {dagbag.py:587} INFO - Filling up the DagBag from /opt/airflow/dags/predictions_dag.py
[2026-06-18T23:45:34.197+0000] {processor.py:925} INFO - DAG(s) 'daily_predictions' retrieved from /opt/airflow/dags/predictions_dag.py
[2026-06-18T23:45:34.328+0000] {logging_mixin.py:190} INFO - [2026-06-18T23:45:34.326+0000] {dag.py:3211} INFO - Sync 1 DAGs
[2026-06-18T23:45:34.446+0000] {logging_mixin.py:190} INFO - [2026-06-18T23:45:34.445+0000] {dag.py:4138} INFO - Setting next_dagrun for daily_predictions to 2026-06-01 10:00:00+00:00, run_after=2026-07-01 10:00:00+00:00
[2026-06-18T23:45:34.544+0000] {processor.py:208} INFO - Processing /opt/airflow/dags/predictions_dag.py took 2.162 seconds
[2026-06-18T23:46:05.013+0000] {processor.py:186} INFO - Started process (PID=418) to work on /opt/airflow/dags/predictions_dag.py
[2026-06-18T23:46:05.024+0000] {processor.py:914} INFO - Processing file /opt/airflow/dags/predictions_dag.py for tasks to queue
[2026-06-18T23:46:05.078+0000] {logging_mixin.py:190} INFO - [2026-06-18T23:46:05.075+0000] {dagbag.py:587} INFO - Filling up the DagBag from /opt/airflow/dags/predictions_dag.py
[2026-06-18T23:46:06.095+0000] {processor.py:925} INFO - DAG(s) 'daily_predictions' retrieved from /opt/airflow/dags/predictions_dag.py
[2026-06-18T23:46:06.147+0000] {logging_mixin.py:190} INFO - [2026-06-18T23:46:06.147+0000] {dag.py:3211} INFO - Sync 1 DAGs
[2026-06-18T23:46:06.203+0000] {logging_mixin.py:190} INFO - [2026-06-18T23:46:06.203+0000] {dag.py:4138} INFO - Setting next_dagrun for daily_predictions to 2026-06-01 10:00:00+00:00, run_after=2026-07-01 10:00:00+00:00
[2026-06-18T23:46:06.249+0000] {processor.py:208} INFO - Processing /opt/airflow/dags/predictions_dag.py took 1.281 seconds
[2026-06-18T23:46:36.641+0000] {processor.py:186} INFO - Started process (PID=421) to work on /opt/airflow/dags/predictions_dag.py
[2026-06-18T23:46:36.648+0000] {processor.py:914} INFO - Processing file /opt/airflow/dags/predictions_dag.py for tasks to queue
[2026-06-18T23:46:36.660+0000] {logging_mixin.py:190} INFO - [2026-06-18T23:46:36.657+0000] {dagbag.py:587} INFO - Filling up the DagBag from /opt/airflow/dags/predictions_dag.py
[2026-06-18T23:46:37.844+0000] {processor.py:925} INFO - DAG(s) 'daily_predictions' retrieved from /opt/airflow/dags/predictions_dag.py
[2026-06-18T23:46:37.926+0000] {logging_mixin.py:190} INFO - [2026-06-18T23:46:37.924+0000] {dag.py:3211} INFO - Sync 1 DAGs
[2026-06-18T23:46:38.008+0000] {logging_mixin.py:190} INFO - [2026-06-18T23:46:38.008+0000] {dag.py:4138} INFO - Setting next_dagrun for daily_predictions to 2026-06-01 10:00:00+00:00, run_after=2026-07-01 10:00:00+00:00
[2026-06-18T23:46:38.073+0000] {processor.py:208} INFO - Processing /opt/airflow/dags/predictions_dag.py took 1.475 seconds
[2026-06-18T23:47:08.350+0000] {processor.py:186} INFO - Started process (PID=424) to work on /opt/airflow/dags/predictions_dag.py
[2026-06-18T23:47:08.352+0000] {processor.py:914} INFO - Processing file /opt/airflow/dags/predictions_dag.py for tasks to queue
[2026-06-18T23:47:08.359+0000] {logging_mixin.py:190} INFO - [2026-06-18T23:47:08.358+0000] {dagbag.py:587} INFO - Filling up the DagBag from /opt/airflow/dags/predictions_dag.py
[2026-06-18T23:47:08.744+0000] {processor.py:925} INFO - DAG(s) 'daily_predictions' retrieved from /opt/airflow/dags/predictions_dag.py
[2026-06-18T23:47:08.778+0000] {logging_mixin.py:190} INFO - [2026-06-18T23:47:08.778+0000] {dag.py:3211} INFO - Sync 1 DAGs
[2026-06-18T23:47:08.803+0000] {logging_mixin.py:190} INFO - [2026-06-18T23:47:08.803+0000] {dag.py:4138} INFO - Setting next_dagrun for daily_predictions to 2026-06-01 10:00:00+00:00, run_after=2026-07-01 10:00:00+00:00
[2026-06-18T23:47:08.824+0000] {processor.py:208} INFO - Processing /opt/airflow/dags/predictions_dag.py took 0.489 seconds
[2026-06-18T23:47:38.987+0000] {processor.py:186} INFO - Started process (PID=427) to work on /opt/airflow/dags/predictions_dag.py
[2026-06-18T23:47:38.989+0000] {processor.py:914} INFO - Processing file /opt/airflow/dags/predictions_dag.py for tasks to queue
[2026-06-18T23:47:38.995+0000] {logging_mixin.py:190} INFO - [2026-06-18T23:47:38.994+0000] {dagbag.py:587} INFO - Filling up the DagBag from /opt/airflow/dags/predictions_dag.py
[2026-06-18T23:47:39.300+0000] {processor.py:925} INFO - DAG(s) 'daily_predictions' retrieved from /opt/airflow/dags/predictions_dag.py
[2026-06-18T23:47:39.316+0000] {logging_mixin.py:190} INFO - [2026-06-18T23:47:39.316+0000] {dag.py:3211} INFO - Sync 1 DAGs
[2026-06-18T23:47:39.333+0000] {logging_mixin.py:190} INFO - [2026-06-18T23:47:39.332+0000] {dag.py:4138} INFO - Setting next_dagrun for daily_predictions to 2026-06-01 10:00:00+00:00, run_after=2026-07-01 10:00:00+00:00
[2026-06-18T23:47:39.350+0000] {processor.py:211} ERROR - Got an exception! Propagating...
Traceback (most recent call last):
  File "/home/airflow/.local/lib/python3.11/site-packages/sqlalchemy/engine/base.py", line 1094, in _commit_impl
  File "/home/airflow/.local/lib/python3.11/site-packages/sqlalchemy/engine/default.py", line 686, in do_commit
sqlite3.OperationalError: disk I/O error

The above exception was the direct cause of the following exception:

Traceback (most recent call last):
  File "/home/airflow/.local/lib/python3.11/site-packages/airflow/dag_processing/processor.py", line 207, in _run_file_processor
  File "/home/airflow/.local/lib/python3.11/site-packages/airflow/dag_processing/processor.py", line 188, in _handle_dag_file_processing
  File "/home/airflow/.local/lib/python3.11/site-packages/airflow/utils/session.py", line 97, in wrapper
  File "/home/airflow/.local/lib/python3.11/site-packages/airflow/dag_processing/processor.py", line 942, in process_file
  File "/home/airflow/.local/lib/python3.11/site-packages/airflow/api_internal/internal_api_call.py", line 139, in wrapper
  File "/home/airflow/.local/lib/python3.11/site-packages/airflow/utils/session.py", line 97, in wrapper
  File "/home/airflow/.local/lib/python3.11/site-packages/airflow/dag_processing/processor.py", line 983, in save_dag_to_db
  File "/home/airflow/.local/lib/python3.11/site-packages/sqlalchemy/orm/session.py", line 1454, in commit
  File "/home/airflow/.local/lib/python3.11/site-packages/sqlalchemy/orm/session.py", line 839, in commit
  File "/home/airflow/.local/lib/python3.11/site-packages/sqlalchemy/engine/base.py", line 2469, in commit
  File "/home/airflow/.local/lib/python3.11/site-packages/sqlalchemy/engine/base.py", line 2659, in _do_commit
  File "/home/airflow/.local/lib/python3.11/site-packages/sqlalchemy/engine/base.py", line 2630, in _connection_commit_impl
  File "/home/airflow/.local/lib/python3.11/site-packages/sqlalchemy/engine/base.py", line 1096, in _commit_impl
  File "/home/airflow/.local/lib/python3.11/site-packages/sqlalchemy/engine/base.py", line 2134, in _handle_dbapi_exception
  File "/home/airflow/.local/lib/python3.11/site-packages/sqlalchemy/util/compat.py", line 211, in raise_
  File "/home/airflow/.local/lib/python3.11/site-packages/sqlalchemy/engine/base.py", line 1094, in _commit_impl
  File "/home/airflow/.local/lib/python3.11/site-packages/sqlalchemy/engine/default.py", line 686, in do_commit
sqlalchemy.exc.OperationalError: (sqlite3.OperationalError) disk I/O error
(Background on this error at: https://sqlalche.me/e/14/e3q8)
