[2026-06-18T23:14:05.475+0000] {processor.py:186} INFO - Started process (PID=41) to work on /opt/airflow/dags/retrain_dag.py
[2026-06-18T23:14:05.475+0000] {processor.py:914} INFO - Processing file /opt/airflow/dags/retrain_dag.py for tasks to queue
[2026-06-18T23:14:05.477+0000] {logging_mixin.py:190} INFO - [2026-06-18T23:14:05.477+0000] {dagbag.py:587} INFO - Filling up the DagBag from /opt/airflow/dags/retrain_dag.py
[2026-06-18T23:14:05.493+0000] {processor.py:925} INFO - DAG(s) 'model_retraining' retrieved from /opt/airflow/dags/retrain_dag.py
[2026-06-18T23:14:05.584+0000] {logging_mixin.py:190} INFO - [2026-06-18T23:14:05.584+0000] {override.py:1858} INFO - Created Permission View: can delete on DAG:model_retraining
[2026-06-18T23:14:05.591+0000] {logging_mixin.py:190} INFO - [2026-06-18T23:14:05.591+0000] {override.py:1858} INFO - Created Permission View: can edit on DAG:model_retraining
[2026-06-18T23:14:05.596+0000] {logging_mixin.py:190} INFO - [2026-06-18T23:14:05.596+0000] {override.py:1858} INFO - Created Permission View: can read on DAG:model_retraining
[2026-06-18T23:14:05.596+0000] {logging_mixin.py:190} INFO - [2026-06-18T23:14:05.596+0000] {dag.py:3211} INFO - Sync 1 DAGs
[2026-06-18T23:14:05.605+0000] {logging_mixin.py:190} INFO - [2026-06-18T23:14:05.604+0000] {dag.py:3234} INFO - Creating ORM DAG for model_retraining
[2026-06-18T23:14:05.611+0000] {logging_mixin.py:190} INFO - [2026-06-18T23:14:05.611+0000] {dag.py:4138} INFO - Setting next_dagrun for model_retraining to 2026-06-08 03:00:00+00:00, run_after=2026-06-15 03:00:00+00:00
[2026-06-18T23:14:05.625+0000] {processor.py:208} INFO - Processing /opt/airflow/dags/retrain_dag.py took 0.154 seconds
[2026-06-18T23:14:36.041+0000] {processor.py:186} INFO - Started process (PID=55) to work on /opt/airflow/dags/retrain_dag.py
[2026-06-18T23:14:36.042+0000] {processor.py:914} INFO - Processing file /opt/airflow/dags/retrain_dag.py for tasks to queue
[2026-06-18T23:14:36.044+0000] {logging_mixin.py:190} INFO - [2026-06-18T23:14:36.043+0000] {dagbag.py:587} INFO - Filling up the DagBag from /opt/airflow/dags/retrain_dag.py
[2026-06-18T23:14:36.053+0000] {processor.py:925} INFO - DAG(s) 'model_retraining' retrieved from /opt/airflow/dags/retrain_dag.py
[2026-06-18T23:14:36.067+0000] {logging_mixin.py:190} INFO - [2026-06-18T23:14:36.067+0000] {dag.py:3211} INFO - Sync 1 DAGs
[2026-06-18T23:14:36.082+0000] {logging_mixin.py:190} INFO - [2026-06-18T23:14:36.082+0000] {dag.py:4138} INFO - Setting next_dagrun for model_retraining to 2026-06-08 03:00:00+00:00, run_after=2026-06-15 03:00:00+00:00
[2026-06-18T23:14:36.103+0000] {processor.py:208} INFO - Processing /opt/airflow/dags/retrain_dag.py took 0.066 seconds
[2026-06-18T23:15:07.469+0000] {processor.py:186} INFO - Started process (PID=58) to work on /opt/airflow/dags/retrain_dag.py
[2026-06-18T23:15:07.470+0000] {processor.py:914} INFO - Processing file /opt/airflow/dags/retrain_dag.py for tasks to queue
[2026-06-18T23:15:07.471+0000] {logging_mixin.py:190} INFO - [2026-06-18T23:15:07.471+0000] {dagbag.py:587} INFO - Filling up the DagBag from /opt/airflow/dags/retrain_dag.py
[2026-06-18T23:15:07.478+0000] {processor.py:925} INFO - DAG(s) 'model_retraining' retrieved from /opt/airflow/dags/retrain_dag.py
[2026-06-18T23:15:07.489+0000] {logging_mixin.py:190} INFO - [2026-06-18T23:15:07.489+0000] {dag.py:3211} INFO - Sync 1 DAGs
[2026-06-18T23:15:07.505+0000] {logging_mixin.py:190} INFO - [2026-06-18T23:15:07.504+0000] {dag.py:4138} INFO - Setting next_dagrun for model_retraining to 2026-06-08 03:00:00+00:00, run_after=2026-06-15 03:00:00+00:00
[2026-06-18T23:15:07.519+0000] {processor.py:208} INFO - Processing /opt/airflow/dags/retrain_dag.py took 0.053 seconds
[2026-06-18T23:15:38.632+0000] {processor.py:186} INFO - Started process (PID=61) to work on /opt/airflow/dags/retrain_dag.py
[2026-06-18T23:15:38.633+0000] {processor.py:914} INFO - Processing file /opt/airflow/dags/retrain_dag.py for tasks to queue
[2026-06-18T23:15:38.636+0000] {logging_mixin.py:190} INFO - [2026-06-18T23:15:38.635+0000] {dagbag.py:587} INFO - Filling up the DagBag from /opt/airflow/dags/retrain_dag.py
[2026-06-18T23:15:38.647+0000] {processor.py:925} INFO - DAG(s) 'model_retraining' retrieved from /opt/airflow/dags/retrain_dag.py
[2026-06-18T23:15:38.664+0000] {logging_mixin.py:190} INFO - [2026-06-18T23:15:38.664+0000] {dag.py:3211} INFO - Sync 1 DAGs
[2026-06-18T23:15:38.676+0000] {logging_mixin.py:190} INFO - [2026-06-18T23:15:38.676+0000] {dag.py:4138} INFO - Setting next_dagrun for model_retraining to 2026-06-08 03:00:00+00:00, run_after=2026-06-15 03:00:00+00:00
[2026-06-18T23:15:38.686+0000] {processor.py:208} INFO - Processing /opt/airflow/dags/retrain_dag.py took 0.060 seconds
[2026-06-18T23:16:09.242+0000] {processor.py:186} INFO - Started process (PID=65) to work on /opt/airflow/dags/retrain_dag.py
[2026-06-18T23:16:09.243+0000] {processor.py:914} INFO - Processing file /opt/airflow/dags/retrain_dag.py for tasks to queue
[2026-06-18T23:16:09.244+0000] {logging_mixin.py:190} INFO - [2026-06-18T23:16:09.244+0000] {dagbag.py:587} INFO - Filling up the DagBag from /opt/airflow/dags/retrain_dag.py
[2026-06-18T23:16:09.256+0000] {processor.py:925} INFO - DAG(s) 'model_retraining' retrieved from /opt/airflow/dags/retrain_dag.py
[2026-06-18T23:16:09.272+0000] {logging_mixin.py:190} INFO - [2026-06-18T23:16:09.272+0000] {dag.py:3211} INFO - Sync 1 DAGs
[2026-06-18T23:16:09.283+0000] {logging_mixin.py:190} INFO - [2026-06-18T23:16:09.283+0000] {dag.py:4138} INFO - Setting next_dagrun for model_retraining to 2026-06-08 03:00:00+00:00, run_after=2026-06-15 03:00:00+00:00
[2026-06-18T23:16:09.293+0000] {processor.py:208} INFO - Processing /opt/airflow/dags/retrain_dag.py took 0.055 seconds
[2026-06-18T23:16:39.890+0000] {processor.py:186} INFO - Started process (PID=69) to work on /opt/airflow/dags/retrain_dag.py
[2026-06-18T23:16:39.891+0000] {processor.py:914} INFO - Processing file /opt/airflow/dags/retrain_dag.py for tasks to queue
[2026-06-18T23:16:39.892+0000] {logging_mixin.py:190} INFO - [2026-06-18T23:16:39.892+0000] {dagbag.py:587} INFO - Filling up the DagBag from /opt/airflow/dags/retrain_dag.py
[2026-06-18T23:16:39.899+0000] {processor.py:925} INFO - DAG(s) 'model_retraining' retrieved from /opt/airflow/dags/retrain_dag.py
[2026-06-18T23:16:39.910+0000] {logging_mixin.py:190} INFO - [2026-06-18T23:16:39.910+0000] {dag.py:3211} INFO - Sync 1 DAGs
[2026-06-18T23:16:39.921+0000] {logging_mixin.py:190} INFO - [2026-06-18T23:16:39.921+0000] {dag.py:4138} INFO - Setting next_dagrun for model_retraining to 2026-06-08 03:00:00+00:00, run_after=2026-06-15 03:00:00+00:00
[2026-06-18T23:16:39.931+0000] {processor.py:208} INFO - Processing /opt/airflow/dags/retrain_dag.py took 0.045 seconds
[2026-06-18T23:17:12.010+0000] {processor.py:186} INFO - Started process (PID=72) to work on /opt/airflow/dags/retrain_dag.py
[2026-06-18T23:17:12.012+0000] {processor.py:914} INFO - Processing file /opt/airflow/dags/retrain_dag.py for tasks to queue
[2026-06-18T23:17:12.016+0000] {logging_mixin.py:190} INFO - [2026-06-18T23:17:12.015+0000] {dagbag.py:587} INFO - Filling up the DagBag from /opt/airflow/dags/retrain_dag.py
[2026-06-18T23:17:12.051+0000] {processor.py:925} INFO - DAG(s) 'model_retraining' retrieved from /opt/airflow/dags/retrain_dag.py
[2026-06-18T23:17:12.068+0000] {logging_mixin.py:190} INFO - [2026-06-18T23:17:12.068+0000] {dag.py:3211} INFO - Sync 1 DAGs
[2026-06-18T23:17:12.082+0000] {logging_mixin.py:190} INFO - [2026-06-18T23:17:12.082+0000] {dag.py:4138} INFO - Setting next_dagrun for model_retraining to 2026-06-08 03:00:00+00:00, run_after=2026-06-15 03:00:00+00:00
[2026-06-18T23:17:12.092+0000] {processor.py:208} INFO - Processing /opt/airflow/dags/retrain_dag.py took 0.094 seconds
[2026-06-18T23:17:42.791+0000] {processor.py:186} INFO - Started process (PID=76) to work on /opt/airflow/dags/retrain_dag.py
[2026-06-18T23:17:42.792+0000] {processor.py:914} INFO - Processing file /opt/airflow/dags/retrain_dag.py for tasks to queue
[2026-06-18T23:17:42.795+0000] {logging_mixin.py:190} INFO - [2026-06-18T23:17:42.794+0000] {dagbag.py:587} INFO - Filling up the DagBag from /opt/airflow/dags/retrain_dag.py
[2026-06-18T23:17:42.807+0000] {processor.py:925} INFO - DAG(s) 'model_retraining' retrieved from /opt/airflow/dags/retrain_dag.py
[2026-06-18T23:17:42.823+0000] {logging_mixin.py:190} INFO - [2026-06-18T23:17:42.823+0000] {dag.py:3211} INFO - Sync 1 DAGs
[2026-06-18T23:17:42.834+0000] {logging_mixin.py:190} INFO - [2026-06-18T23:17:42.834+0000] {dag.py:4138} INFO - Setting next_dagrun for model_retraining to 2026-06-08 03:00:00+00:00, run_after=2026-06-15 03:00:00+00:00
[2026-06-18T23:17:42.844+0000] {processor.py:208} INFO - Processing /opt/airflow/dags/retrain_dag.py took 0.060 seconds
[2026-06-18T23:18:13.386+0000] {processor.py:186} INFO - Started process (PID=79) to work on /opt/airflow/dags/retrain_dag.py
[2026-06-18T23:18:13.387+0000] {processor.py:914} INFO - Processing file /opt/airflow/dags/retrain_dag.py for tasks to queue
[2026-06-18T23:18:13.390+0000] {logging_mixin.py:190} INFO - [2026-06-18T23:18:13.389+0000] {dagbag.py:587} INFO - Filling up the DagBag from /opt/airflow/dags/retrain_dag.py
[2026-06-18T23:18:13.402+0000] {processor.py:925} INFO - DAG(s) 'model_retraining' retrieved from /opt/airflow/dags/retrain_dag.py
[2026-06-18T23:18:13.418+0000] {logging_mixin.py:190} INFO - [2026-06-18T23:18:13.418+0000] {dag.py:3211} INFO - Sync 1 DAGs
[2026-06-18T23:18:13.430+0000] {logging_mixin.py:190} INFO - [2026-06-18T23:18:13.429+0000] {dag.py:4138} INFO - Setting next_dagrun for model_retraining to 2026-06-08 03:00:00+00:00, run_after=2026-06-15 03:00:00+00:00
[2026-06-18T23:18:13.440+0000] {processor.py:208} INFO - Processing /opt/airflow/dags/retrain_dag.py took 0.060 seconds
[2026-06-18T23:18:44.021+0000] {processor.py:186} INFO - Started process (PID=82) to work on /opt/airflow/dags/retrain_dag.py
[2026-06-18T23:18:44.022+0000] {processor.py:914} INFO - Processing file /opt/airflow/dags/retrain_dag.py for tasks to queue
[2026-06-18T23:18:44.024+0000] {logging_mixin.py:190} INFO - [2026-06-18T23:18:44.024+0000] {dagbag.py:587} INFO - Filling up the DagBag from /opt/airflow/dags/retrain_dag.py
[2026-06-18T23:18:44.036+0000] {processor.py:925} INFO - DAG(s) 'model_retraining' retrieved from /opt/airflow/dags/retrain_dag.py
[2026-06-18T23:18:44.054+0000] {logging_mixin.py:190} INFO - [2026-06-18T23:18:44.054+0000] {dag.py:3211} INFO - Sync 1 DAGs
[2026-06-18T23:18:44.065+0000] {logging_mixin.py:190} INFO - [2026-06-18T23:18:44.065+0000] {dag.py:4138} INFO - Setting next_dagrun for model_retraining to 2026-06-08 03:00:00+00:00, run_after=2026-06-15 03:00:00+00:00
[2026-06-18T23:18:44.076+0000] {processor.py:208} INFO - Processing /opt/airflow/dags/retrain_dag.py took 0.061 seconds
[2026-06-18T23:19:14.637+0000] {processor.py:186} INFO - Started process (PID=85) to work on /opt/airflow/dags/retrain_dag.py
[2026-06-18T23:19:14.638+0000] {processor.py:914} INFO - Processing file /opt/airflow/dags/retrain_dag.py for tasks to queue
[2026-06-18T23:19:14.641+0000] {logging_mixin.py:190} INFO - [2026-06-18T23:19:14.640+0000] {dagbag.py:587} INFO - Filling up the DagBag from /opt/airflow/dags/retrain_dag.py
[2026-06-18T23:19:14.653+0000] {processor.py:925} INFO - DAG(s) 'model_retraining' retrieved from /opt/airflow/dags/retrain_dag.py
[2026-06-18T23:19:14.670+0000] {logging_mixin.py:190} INFO - [2026-06-18T23:19:14.670+0000] {dag.py:3211} INFO - Sync 1 DAGs
[2026-06-18T23:19:14.683+0000] {logging_mixin.py:190} INFO - [2026-06-18T23:19:14.683+0000] {dag.py:4138} INFO - Setting next_dagrun for model_retraining to 2026-06-08 03:00:00+00:00, run_after=2026-06-15 03:00:00+00:00
[2026-06-18T23:19:14.693+0000] {processor.py:208} INFO - Processing /opt/airflow/dags/retrain_dag.py took 0.062 seconds
[2026-06-18T23:19:44.897+0000] {processor.py:186} INFO - Started process (PID=88) to work on /opt/airflow/dags/retrain_dag.py
[2026-06-18T23:19:44.898+0000] {processor.py:914} INFO - Processing file /opt/airflow/dags/retrain_dag.py for tasks to queue
[2026-06-18T23:19:44.899+0000] {logging_mixin.py:190} INFO - [2026-06-18T23:19:44.899+0000] {dagbag.py:587} INFO - Filling up the DagBag from /opt/airflow/dags/retrain_dag.py
[2026-06-18T23:19:44.911+0000] {processor.py:925} INFO - DAG(s) 'model_retraining' retrieved from /opt/airflow/dags/retrain_dag.py
[2026-06-18T23:19:44.929+0000] {logging_mixin.py:190} INFO - [2026-06-18T23:19:44.929+0000] {dag.py:3211} INFO - Sync 1 DAGs
[2026-06-18T23:19:44.942+0000] {logging_mixin.py:190} INFO - [2026-06-18T23:19:44.942+0000] {dag.py:4138} INFO - Setting next_dagrun for model_retraining to 2026-06-08 03:00:00+00:00, run_after=2026-06-15 03:00:00+00:00
[2026-06-18T23:19:44.952+0000] {processor.py:208} INFO - Processing /opt/airflow/dags/retrain_dag.py took 0.063 seconds
[2026-06-18T23:20:15.167+0000] {processor.py:186} INFO - Started process (PID=91) to work on /opt/airflow/dags/retrain_dag.py
[2026-06-18T23:20:15.169+0000] {processor.py:914} INFO - Processing file /opt/airflow/dags/retrain_dag.py for tasks to queue
[2026-06-18T23:20:15.170+0000] {logging_mixin.py:190} INFO - [2026-06-18T23:20:15.170+0000] {dagbag.py:587} INFO - Filling up the DagBag from /opt/airflow/dags/retrain_dag.py
[2026-06-18T23:20:15.179+0000] {processor.py:925} INFO - DAG(s) 'model_retraining' retrieved from /opt/airflow/dags/retrain_dag.py
[2026-06-18T23:20:15.193+0000] {logging_mixin.py:190} INFO - [2026-06-18T23:20:15.193+0000] {dag.py:3211} INFO - Sync 1 DAGs
[2026-06-18T23:20:15.204+0000] {logging_mixin.py:190} INFO - [2026-06-18T23:20:15.204+0000] {dag.py:4138} INFO - Setting next_dagrun for model_retraining to 2026-06-08 03:00:00+00:00, run_after=2026-06-15 03:00:00+00:00
[2026-06-18T23:20:15.214+0000] {processor.py:208} INFO - Processing /opt/airflow/dags/retrain_dag.py took 0.051 seconds
[2026-06-18T23:20:46.914+0000] {processor.py:186} INFO - Started process (PID=108) to work on /opt/airflow/dags/retrain_dag.py
[2026-06-18T23:20:46.916+0000] {processor.py:914} INFO - Processing file /opt/airflow/dags/retrain_dag.py for tasks to queue
[2026-06-18T23:20:46.919+0000] {logging_mixin.py:190} INFO - [2026-06-18T23:20:46.919+0000] {dagbag.py:587} INFO - Filling up the DagBag from /opt/airflow/dags/retrain_dag.py
[2026-06-18T23:20:46.931+0000] {processor.py:925} INFO - DAG(s) 'model_retraining' retrieved from /opt/airflow/dags/retrain_dag.py
[2026-06-18T23:20:46.956+0000] {logging_mixin.py:190} INFO - [2026-06-18T23:20:46.955+0000] {dag.py:3211} INFO - Sync 1 DAGs
[2026-06-18T23:20:46.969+0000] {logging_mixin.py:190} INFO - [2026-06-18T23:20:46.969+0000] {dag.py:4138} INFO - Setting next_dagrun for model_retraining to 2026-06-08 03:00:00+00:00, run_after=2026-06-15 03:00:00+00:00
[2026-06-18T23:20:46.997+0000] {processor.py:208} INFO - Processing /opt/airflow/dags/retrain_dag.py took 0.089 seconds
[2026-06-18T23:21:17.399+0000] {processor.py:186} INFO - Started process (PID=112) to work on /opt/airflow/dags/retrain_dag.py
[2026-06-18T23:21:17.400+0000] {processor.py:914} INFO - Processing file /opt/airflow/dags/retrain_dag.py for tasks to queue
[2026-06-18T23:21:17.402+0000] {logging_mixin.py:190} INFO - [2026-06-18T23:21:17.401+0000] {dagbag.py:587} INFO - Filling up the DagBag from /opt/airflow/dags/retrain_dag.py
[2026-06-18T23:21:17.413+0000] {processor.py:925} INFO - DAG(s) 'model_retraining' retrieved from /opt/airflow/dags/retrain_dag.py
[2026-06-18T23:21:17.430+0000] {logging_mixin.py:190} INFO - [2026-06-18T23:21:17.430+0000] {dag.py:3211} INFO - Sync 1 DAGs
[2026-06-18T23:21:17.441+0000] {logging_mixin.py:190} INFO - [2026-06-18T23:21:17.441+0000] {dag.py:4138} INFO - Setting next_dagrun for model_retraining to 2026-06-08 03:00:00+00:00, run_after=2026-06-15 03:00:00+00:00
[2026-06-18T23:21:17.451+0000] {processor.py:208} INFO - Processing /opt/airflow/dags/retrain_dag.py took 0.059 seconds
[2026-06-18T23:21:47.866+0000] {processor.py:186} INFO - Started process (PID=115) to work on /opt/airflow/dags/retrain_dag.py
[2026-06-18T23:21:47.867+0000] {processor.py:914} INFO - Processing file /opt/airflow/dags/retrain_dag.py for tasks to queue
[2026-06-18T23:21:47.869+0000] {logging_mixin.py:190} INFO - [2026-06-18T23:21:47.868+0000] {dagbag.py:587} INFO - Filling up the DagBag from /opt/airflow/dags/retrain_dag.py
[2026-06-18T23:21:47.879+0000] {processor.py:925} INFO - DAG(s) 'model_retraining' retrieved from /opt/airflow/dags/retrain_dag.py
[2026-06-18T23:21:47.892+0000] {logging_mixin.py:190} INFO - [2026-06-18T23:21:47.892+0000] {dag.py:3211} INFO - Sync 1 DAGs
[2026-06-18T23:21:47.902+0000] {logging_mixin.py:190} INFO - [2026-06-18T23:21:47.902+0000] {dag.py:4138} INFO - Setting next_dagrun for model_retraining to 2026-06-08 03:00:00+00:00, run_after=2026-06-15 03:00:00+00:00
[2026-06-18T23:21:47.914+0000] {processor.py:208} INFO - Processing /opt/airflow/dags/retrain_dag.py took 0.054 seconds
[2026-06-18T23:22:18.458+0000] {processor.py:186} INFO - Started process (PID=118) to work on /opt/airflow/dags/retrain_dag.py
[2026-06-18T23:22:18.459+0000] {processor.py:914} INFO - Processing file /opt/airflow/dags/retrain_dag.py for tasks to queue
[2026-06-18T23:22:18.461+0000] {logging_mixin.py:190} INFO - [2026-06-18T23:22:18.461+0000] {dagbag.py:587} INFO - Filling up the DagBag from /opt/airflow/dags/retrain_dag.py
[2026-06-18T23:22:18.473+0000] {processor.py:925} INFO - DAG(s) 'model_retraining' retrieved from /opt/airflow/dags/retrain_dag.py
[2026-06-18T23:22:18.490+0000] {logging_mixin.py:190} INFO - [2026-06-18T23:22:18.490+0000] {dag.py:3211} INFO - Sync 1 DAGs
[2026-06-18T23:22:18.501+0000] {logging_mixin.py:190} INFO - [2026-06-18T23:22:18.501+0000] {dag.py:4138} INFO - Setting next_dagrun for model_retraining to 2026-06-08 03:00:00+00:00, run_after=2026-06-15 03:00:00+00:00
[2026-06-18T23:22:18.512+0000] {processor.py:208} INFO - Processing /opt/airflow/dags/retrain_dag.py took 0.061 seconds
[2026-06-18T23:22:49.042+0000] {processor.py:186} INFO - Started process (PID=121) to work on /opt/airflow/dags/retrain_dag.py
[2026-06-18T23:22:49.042+0000] {processor.py:914} INFO - Processing file /opt/airflow/dags/retrain_dag.py for tasks to queue
[2026-06-18T23:22:49.043+0000] {logging_mixin.py:190} INFO - [2026-06-18T23:22:49.043+0000] {dagbag.py:587} INFO - Filling up the DagBag from /opt/airflow/dags/retrain_dag.py
[2026-06-18T23:22:49.050+0000] {processor.py:925} INFO - DAG(s) 'model_retraining' retrieved from /opt/airflow/dags/retrain_dag.py
[2026-06-18T23:22:49.060+0000] {logging_mixin.py:190} INFO - [2026-06-18T23:22:49.060+0000] {dag.py:3211} INFO - Sync 1 DAGs
[2026-06-18T23:22:49.069+0000] {logging_mixin.py:190} INFO - [2026-06-18T23:22:49.069+0000] {dag.py:4138} INFO - Setting next_dagrun for model_retraining to 2026-06-08 03:00:00+00:00, run_after=2026-06-15 03:00:00+00:00
[2026-06-18T23:22:49.078+0000] {processor.py:208} INFO - Processing /opt/airflow/dags/retrain_dag.py took 0.039 seconds
[2026-06-18T23:23:19.699+0000] {processor.py:186} INFO - Started process (PID=124) to work on /opt/airflow/dags/retrain_dag.py
[2026-06-18T23:23:19.700+0000] {processor.py:914} INFO - Processing file /opt/airflow/dags/retrain_dag.py for tasks to queue
[2026-06-18T23:23:19.703+0000] {logging_mixin.py:190} INFO - [2026-06-18T23:23:19.702+0000] {dagbag.py:587} INFO - Filling up the DagBag from /opt/airflow/dags/retrain_dag.py
[2026-06-18T23:23:19.715+0000] {processor.py:925} INFO - DAG(s) 'model_retraining' retrieved from /opt/airflow/dags/retrain_dag.py
[2026-06-18T23:23:19.733+0000] {logging_mixin.py:190} INFO - [2026-06-18T23:23:19.733+0000] {dag.py:3211} INFO - Sync 1 DAGs
[2026-06-18T23:23:19.751+0000] {logging_mixin.py:190} INFO - [2026-06-18T23:23:19.750+0000] {dag.py:4138} INFO - Setting next_dagrun for model_retraining to 2026-06-08 03:00:00+00:00, run_after=2026-06-15 03:00:00+00:00
[2026-06-18T23:23:19.764+0000] {processor.py:208} INFO - Processing /opt/airflow/dags/retrain_dag.py took 0.072 seconds
[2026-06-18T23:23:49.904+0000] {processor.py:186} INFO - Started process (PID=127) to work on /opt/airflow/dags/retrain_dag.py
[2026-06-18T23:23:49.905+0000] {processor.py:914} INFO - Processing file /opt/airflow/dags/retrain_dag.py for tasks to queue
[2026-06-18T23:23:49.906+0000] {logging_mixin.py:190} INFO - [2026-06-18T23:23:49.906+0000] {dagbag.py:587} INFO - Filling up the DagBag from /opt/airflow/dags/retrain_dag.py
[2026-06-18T23:23:49.922+0000] {processor.py:925} INFO - DAG(s) 'model_retraining' retrieved from /opt/airflow/dags/retrain_dag.py
[2026-06-18T23:23:50.017+0000] {logging_mixin.py:190} INFO - [2026-06-18T23:23:50.016+0000] {dag.py:3211} INFO - Sync 1 DAGs
[2026-06-18T23:23:50.069+0000] {logging_mixin.py:190} INFO - [2026-06-18T23:23:50.068+0000] {dag.py:4138} INFO - Setting next_dagrun for model_retraining to 2026-06-08 03:00:00+00:00, run_after=2026-06-15 03:00:00+00:00
[2026-06-18T23:23:50.169+0000] {processor.py:208} INFO - Processing /opt/airflow/dags/retrain_dag.py took 0.270 seconds
[2026-06-18T23:24:25.498+0000] {processor.py:186} INFO - Started process (PID=182) to work on /opt/airflow/dags/retrain_dag.py
[2026-06-18T23:24:25.501+0000] {processor.py:914} INFO - Processing file /opt/airflow/dags/retrain_dag.py for tasks to queue
[2026-06-18T23:24:25.504+0000] {logging_mixin.py:190} INFO - [2026-06-18T23:24:25.504+0000] {dagbag.py:587} INFO - Filling up the DagBag from /opt/airflow/dags/retrain_dag.py
[2026-06-18T23:24:25.526+0000] {processor.py:925} INFO - DAG(s) 'model_retraining' retrieved from /opt/airflow/dags/retrain_dag.py
[2026-06-18T23:24:25.548+0000] {logging_mixin.py:190} INFO - [2026-06-18T23:24:25.548+0000] {dag.py:3211} INFO - Sync 1 DAGs
[2026-06-18T23:24:25.571+0000] {logging_mixin.py:190} INFO - [2026-06-18T23:24:25.570+0000] {dag.py:4138} INFO - Setting next_dagrun for model_retraining to 2026-06-15 03:00:00+00:00, run_after=2026-06-22 03:00:00+00:00
[2026-06-18T23:24:25.588+0000] {processor.py:208} INFO - Processing /opt/airflow/dags/retrain_dag.py took 0.103 seconds
[2026-06-18T23:24:56.149+0000] {processor.py:186} INFO - Started process (PID=185) to work on /opt/airflow/dags/retrain_dag.py
[2026-06-18T23:24:56.150+0000] {processor.py:914} INFO - Processing file /opt/airflow/dags/retrain_dag.py for tasks to queue
[2026-06-18T23:24:56.153+0000] {logging_mixin.py:190} INFO - [2026-06-18T23:24:56.152+0000] {dagbag.py:587} INFO - Filling up the DagBag from /opt/airflow/dags/retrain_dag.py
[2026-06-18T23:24:56.166+0000] {processor.py:925} INFO - DAG(s) 'model_retraining' retrieved from /opt/airflow/dags/retrain_dag.py
[2026-06-18T23:24:56.183+0000] {logging_mixin.py:190} INFO - [2026-06-18T23:24:56.183+0000] {dag.py:3211} INFO - Sync 1 DAGs
[2026-06-18T23:24:56.195+0000] {logging_mixin.py:190} INFO - [2026-06-18T23:24:56.194+0000] {dag.py:4138} INFO - Setting next_dagrun for model_retraining to 2026-06-15 03:00:00+00:00, run_after=2026-06-22 03:00:00+00:00
[2026-06-18T23:24:56.206+0000] {processor.py:208} INFO - Processing /opt/airflow/dags/retrain_dag.py took 0.065 seconds
[2026-06-18T23:25:26.529+0000] {processor.py:186} INFO - Started process (PID=188) to work on /opt/airflow/dags/retrain_dag.py
[2026-06-18T23:25:26.530+0000] {processor.py:914} INFO - Processing file /opt/airflow/dags/retrain_dag.py for tasks to queue
[2026-06-18T23:25:26.532+0000] {logging_mixin.py:190} INFO - [2026-06-18T23:25:26.531+0000] {dagbag.py:587} INFO - Filling up the DagBag from /opt/airflow/dags/retrain_dag.py
[2026-06-18T23:25:26.544+0000] {processor.py:925} INFO - DAG(s) 'model_retraining' retrieved from /opt/airflow/dags/retrain_dag.py
[2026-06-18T23:25:26.560+0000] {logging_mixin.py:190} INFO - [2026-06-18T23:25:26.560+0000] {dag.py:3211} INFO - Sync 1 DAGs
[2026-06-18T23:25:26.571+0000] {logging_mixin.py:190} INFO - [2026-06-18T23:25:26.571+0000] {dag.py:4138} INFO - Setting next_dagrun for model_retraining to 2026-06-15 03:00:00+00:00, run_after=2026-06-22 03:00:00+00:00
[2026-06-18T23:25:26.582+0000] {processor.py:208} INFO - Processing /opt/airflow/dags/retrain_dag.py took 0.060 seconds
[2026-06-18T23:25:56.902+0000] {processor.py:186} INFO - Started process (PID=191) to work on /opt/airflow/dags/retrain_dag.py
[2026-06-18T23:25:56.903+0000] {processor.py:914} INFO - Processing file /opt/airflow/dags/retrain_dag.py for tasks to queue
[2026-06-18T23:25:56.905+0000] {logging_mixin.py:190} INFO - [2026-06-18T23:25:56.905+0000] {dagbag.py:587} INFO - Filling up the DagBag from /opt/airflow/dags/retrain_dag.py
[2026-06-18T23:25:56.917+0000] {processor.py:925} INFO - DAG(s) 'model_retraining' retrieved from /opt/airflow/dags/retrain_dag.py
[2026-06-18T23:25:56.934+0000] {logging_mixin.py:190} INFO - [2026-06-18T23:25:56.934+0000] {dag.py:3211} INFO - Sync 1 DAGs
[2026-06-18T23:25:56.946+0000] {logging_mixin.py:190} INFO - [2026-06-18T23:25:56.946+0000] {dag.py:4138} INFO - Setting next_dagrun for model_retraining to 2026-06-15 03:00:00+00:00, run_after=2026-06-22 03:00:00+00:00
[2026-06-18T23:25:56.957+0000] {processor.py:208} INFO - Processing /opt/airflow/dags/retrain_dag.py took 0.062 seconds
[2026-06-18T23:26:27.288+0000] {processor.py:186} INFO - Started process (PID=194) to work on /opt/airflow/dags/retrain_dag.py
[2026-06-18T23:26:27.289+0000] {processor.py:914} INFO - Processing file /opt/airflow/dags/retrain_dag.py for tasks to queue
[2026-06-18T23:26:27.291+0000] {logging_mixin.py:190} INFO - [2026-06-18T23:26:27.291+0000] {dagbag.py:587} INFO - Filling up the DagBag from /opt/airflow/dags/retrain_dag.py
[2026-06-18T23:26:27.304+0000] {processor.py:925} INFO - DAG(s) 'model_retraining' retrieved from /opt/airflow/dags/retrain_dag.py
[2026-06-18T23:26:27.321+0000] {logging_mixin.py:190} INFO - [2026-06-18T23:26:27.321+0000] {dag.py:3211} INFO - Sync 1 DAGs
[2026-06-18T23:26:27.333+0000] {logging_mixin.py:190} INFO - [2026-06-18T23:26:27.333+0000] {dag.py:4138} INFO - Setting next_dagrun for model_retraining to 2026-06-15 03:00:00+00:00, run_after=2026-06-22 03:00:00+00:00
[2026-06-18T23:26:27.343+0000] {processor.py:208} INFO - Processing /opt/airflow/dags/retrain_dag.py took 0.062 seconds
[2026-06-18T23:26:57.813+0000] {processor.py:186} INFO - Started process (PID=197) to work on /opt/airflow/dags/retrain_dag.py
[2026-06-18T23:26:57.814+0000] {processor.py:914} INFO - Processing file /opt/airflow/dags/retrain_dag.py for tasks to queue
[2026-06-18T23:26:57.817+0000] {logging_mixin.py:190} INFO - [2026-06-18T23:26:57.816+0000] {dagbag.py:587} INFO - Filling up the DagBag from /opt/airflow/dags/retrain_dag.py
[2026-06-18T23:26:57.830+0000] {processor.py:925} INFO - DAG(s) 'model_retraining' retrieved from /opt/airflow/dags/retrain_dag.py
[2026-06-18T23:26:57.846+0000] {logging_mixin.py:190} INFO - [2026-06-18T23:26:57.846+0000] {dag.py:3211} INFO - Sync 1 DAGs
[2026-06-18T23:26:57.857+0000] {logging_mixin.py:190} INFO - [2026-06-18T23:26:57.857+0000] {dag.py:4138} INFO - Setting next_dagrun for model_retraining to 2026-06-15 03:00:00+00:00, run_after=2026-06-22 03:00:00+00:00
[2026-06-18T23:26:57.868+0000] {processor.py:208} INFO - Processing /opt/airflow/dags/retrain_dag.py took 0.061 seconds
[2026-06-18T23:27:29.097+0000] {processor.py:186} INFO - Started process (PID=200) to work on /opt/airflow/dags/retrain_dag.py
[2026-06-18T23:27:29.098+0000] {processor.py:914} INFO - Processing file /opt/airflow/dags/retrain_dag.py for tasks to queue
[2026-06-18T23:27:29.099+0000] {logging_mixin.py:190} INFO - [2026-06-18T23:27:29.099+0000] {dagbag.py:587} INFO - Filling up the DagBag from /opt/airflow/dags/retrain_dag.py
[2026-06-18T23:27:29.107+0000] {processor.py:925} INFO - DAG(s) 'model_retraining' retrieved from /opt/airflow/dags/retrain_dag.py
[2026-06-18T23:27:29.121+0000] {logging_mixin.py:190} INFO - [2026-06-18T23:27:29.121+0000] {dag.py:3211} INFO - Sync 1 DAGs
[2026-06-18T23:27:29.135+0000] {logging_mixin.py:190} INFO - [2026-06-18T23:27:29.135+0000] {dag.py:4138} INFO - Setting next_dagrun for model_retraining to 2026-06-15 03:00:00+00:00, run_after=2026-06-22 03:00:00+00:00
[2026-06-18T23:27:29.150+0000] {processor.py:208} INFO - Processing /opt/airflow/dags/retrain_dag.py took 0.057 seconds
[2026-06-18T23:28:00.532+0000] {processor.py:186} INFO - Started process (PID=203) to work on /opt/airflow/dags/retrain_dag.py
[2026-06-18T23:28:00.533+0000] {processor.py:914} INFO - Processing file /opt/airflow/dags/retrain_dag.py for tasks to queue
[2026-06-18T23:28:00.537+0000] {logging_mixin.py:190} INFO - [2026-06-18T23:28:00.536+0000] {dagbag.py:587} INFO - Filling up the DagBag from /opt/airflow/dags/retrain_dag.py
[2026-06-18T23:28:00.556+0000] {processor.py:925} INFO - DAG(s) 'model_retraining' retrieved from /opt/airflow/dags/retrain_dag.py
[2026-06-18T23:28:00.582+0000] {logging_mixin.py:190} INFO - [2026-06-18T23:28:00.582+0000] {dag.py:3211} INFO - Sync 1 DAGs
[2026-06-18T23:28:00.596+0000] {logging_mixin.py:190} INFO - [2026-06-18T23:28:00.596+0000] {dag.py:4138} INFO - Setting next_dagrun for model_retraining to 2026-06-15 03:00:00+00:00, run_after=2026-06-22 03:00:00+00:00
[2026-06-18T23:28:00.608+0000] {processor.py:208} INFO - Processing /opt/airflow/dags/retrain_dag.py took 0.086 seconds
[2026-06-18T23:28:30.838+0000] {processor.py:186} INFO - Started process (PID=206) to work on /opt/airflow/dags/retrain_dag.py
[2026-06-18T23:28:30.838+0000] {processor.py:914} INFO - Processing file /opt/airflow/dags/retrain_dag.py for tasks to queue
[2026-06-18T23:28:30.840+0000] {logging_mixin.py:190} INFO - [2026-06-18T23:28:30.840+0000] {dagbag.py:587} INFO - Filling up the DagBag from /opt/airflow/dags/retrain_dag.py
[2026-06-18T23:28:30.849+0000] {processor.py:925} INFO - DAG(s) 'model_retraining' retrieved from /opt/airflow/dags/retrain_dag.py
[2026-06-18T23:28:30.866+0000] {logging_mixin.py:190} INFO - [2026-06-18T23:28:30.866+0000] {dag.py:3211} INFO - Sync 1 DAGs
[2026-06-18T23:28:30.876+0000] {logging_mixin.py:190} INFO - [2026-06-18T23:28:30.876+0000] {dag.py:4138} INFO - Setting next_dagrun for model_retraining to 2026-06-15 03:00:00+00:00, run_after=2026-06-22 03:00:00+00:00
[2026-06-18T23:28:30.887+0000] {processor.py:208} INFO - Processing /opt/airflow/dags/retrain_dag.py took 0.055 seconds
[2026-06-18T23:29:01.930+0000] {processor.py:186} INFO - Started process (PID=259) to work on /opt/airflow/dags/retrain_dag.py
[2026-06-18T23:29:01.931+0000] {processor.py:914} INFO - Processing file /opt/airflow/dags/retrain_dag.py for tasks to queue
[2026-06-18T23:29:01.932+0000] {logging_mixin.py:190} INFO - [2026-06-18T23:29:01.932+0000] {dagbag.py:587} INFO - Filling up the DagBag from /opt/airflow/dags/retrain_dag.py
[2026-06-18T23:29:01.939+0000] {processor.py:925} INFO - DAG(s) 'model_retraining' retrieved from /opt/airflow/dags/retrain_dag.py
[2026-06-18T23:29:01.952+0000] {logging_mixin.py:190} INFO - [2026-06-18T23:29:01.951+0000] {dag.py:3211} INFO - Sync 1 DAGs
[2026-06-18T23:29:01.963+0000] {logging_mixin.py:190} INFO - [2026-06-18T23:29:01.963+0000] {dag.py:4138} INFO - Setting next_dagrun for model_retraining to 2026-06-15 03:00:00+00:00, run_after=2026-06-22 03:00:00+00:00
[2026-06-18T23:29:01.982+0000] {processor.py:208} INFO - Processing /opt/airflow/dags/retrain_dag.py took 0.055 seconds
[2026-06-18T23:29:32.143+0000] {processor.py:186} INFO - Started process (PID=293) to work on /opt/airflow/dags/retrain_dag.py
[2026-06-18T23:29:32.144+0000] {processor.py:914} INFO - Processing file /opt/airflow/dags/retrain_dag.py for tasks to queue
[2026-06-18T23:29:32.145+0000] {logging_mixin.py:190} INFO - [2026-06-18T23:29:32.145+0000] {dagbag.py:587} INFO - Filling up the DagBag from /opt/airflow/dags/retrain_dag.py
[2026-06-18T23:29:32.154+0000] {processor.py:925} INFO - DAG(s) 'model_retraining' retrieved from /opt/airflow/dags/retrain_dag.py
[2026-06-18T23:29:32.167+0000] {logging_mixin.py:190} INFO - [2026-06-18T23:29:32.167+0000] {dag.py:3211} INFO - Sync 1 DAGs
[2026-06-18T23:29:32.177+0000] {logging_mixin.py:190} INFO - [2026-06-18T23:29:32.177+0000] {dag.py:4138} INFO - Setting next_dagrun for model_retraining to 2026-06-15 03:00:00+00:00, run_after=2026-06-22 03:00:00+00:00
[2026-06-18T23:29:32.187+0000] {processor.py:208} INFO - Processing /opt/airflow/dags/retrain_dag.py took 0.049 seconds
[2026-06-18T23:30:03.530+0000] {processor.py:186} INFO - Started process (PID=296) to work on /opt/airflow/dags/retrain_dag.py
[2026-06-18T23:30:03.532+0000] {processor.py:914} INFO - Processing file /opt/airflow/dags/retrain_dag.py for tasks to queue
[2026-06-18T23:30:03.534+0000] {logging_mixin.py:190} INFO - [2026-06-18T23:30:03.534+0000] {dagbag.py:587} INFO - Filling up the DagBag from /opt/airflow/dags/retrain_dag.py
[2026-06-18T23:30:03.547+0000] {processor.py:925} INFO - DAG(s) 'model_retraining' retrieved from /opt/airflow/dags/retrain_dag.py
[2026-06-18T23:30:03.563+0000] {logging_mixin.py:190} INFO - [2026-06-18T23:30:03.563+0000] {dag.py:3211} INFO - Sync 1 DAGs
[2026-06-18T23:30:03.573+0000] {logging_mixin.py:190} INFO - [2026-06-18T23:30:03.573+0000] {dag.py:4138} INFO - Setting next_dagrun for model_retraining to 2026-06-15 03:00:00+00:00, run_after=2026-06-22 03:00:00+00:00
[2026-06-18T23:30:03.589+0000] {processor.py:208} INFO - Processing /opt/airflow/dags/retrain_dag.py took 0.065 seconds
[2026-06-18T23:30:35.242+0000] {processor.py:186} INFO - Started process (PID=299) to work on /opt/airflow/dags/retrain_dag.py
[2026-06-18T23:30:35.243+0000] {processor.py:914} INFO - Processing file /opt/airflow/dags/retrain_dag.py for tasks to queue
[2026-06-18T23:30:35.245+0000] {logging_mixin.py:190} INFO - [2026-06-18T23:30:35.245+0000] {dagbag.py:587} INFO - Filling up the DagBag from /opt/airflow/dags/retrain_dag.py
[2026-06-18T23:30:35.258+0000] {processor.py:925} INFO - DAG(s) 'model_retraining' retrieved from /opt/airflow/dags/retrain_dag.py
[2026-06-18T23:30:35.279+0000] {logging_mixin.py:190} INFO - [2026-06-18T23:30:35.279+0000] {dag.py:3211} INFO - Sync 1 DAGs
[2026-06-18T23:30:35.291+0000] {logging_mixin.py:190} INFO - [2026-06-18T23:30:35.291+0000] {dag.py:4138} INFO - Setting next_dagrun for model_retraining to 2026-06-15 03:00:00+00:00, run_after=2026-06-22 03:00:00+00:00
[2026-06-18T23:30:35.302+0000] {processor.py:208} INFO - Processing /opt/airflow/dags/retrain_dag.py took 0.067 seconds
[2026-06-18T23:31:02.672+0000] {processor.py:186} INFO - Started process (PID=300) to work on /opt/airflow/dags/retrain_dag.py
[2026-06-18T23:31:02.673+0000] {processor.py:914} INFO - Processing file /opt/airflow/dags/retrain_dag.py for tasks to queue
[2026-06-18T23:31:02.677+0000] {logging_mixin.py:190} INFO - [2026-06-18T23:31:02.677+0000] {dagbag.py:587} INFO - Filling up the DagBag from /opt/airflow/dags/retrain_dag.py
[2026-06-18T23:31:02.705+0000] {processor.py:925} INFO - DAG(s) 'model_retraining' retrieved from /opt/airflow/dags/retrain_dag.py
[2026-06-18T23:31:02.871+0000] {logging_mixin.py:190} INFO - [2026-06-18T23:31:02.871+0000] {dag.py:3211} INFO - Sync 1 DAGs
[2026-06-18T23:31:02.887+0000] {logging_mixin.py:190} INFO - [2026-06-18T23:31:02.887+0000] {dag.py:4138} INFO - Setting next_dagrun for model_retraining to 2026-06-01 03:00:00+00:00, run_after=2026-07-01 03:00:00+00:00
[2026-06-18T23:31:02.904+0000] {processor.py:208} INFO - Processing /opt/airflow/dags/retrain_dag.py took 0.249 seconds
[2026-06-18T23:31:33.462+0000] {processor.py:186} INFO - Started process (PID=305) to work on /opt/airflow/dags/retrain_dag.py
[2026-06-18T23:31:33.463+0000] {processor.py:914} INFO - Processing file /opt/airflow/dags/retrain_dag.py for tasks to queue
[2026-06-18T23:31:33.470+0000] {logging_mixin.py:190} INFO - [2026-06-18T23:31:33.470+0000] {dagbag.py:587} INFO - Filling up the DagBag from /opt/airflow/dags/retrain_dag.py
[2026-06-18T23:31:33.497+0000] {processor.py:925} INFO - DAG(s) 'model_retraining' retrieved from /opt/airflow/dags/retrain_dag.py
[2026-06-18T23:31:33.526+0000] {logging_mixin.py:190} INFO - [2026-06-18T23:31:33.526+0000] {dag.py:3211} INFO - Sync 1 DAGs
[2026-06-18T23:31:33.543+0000] {logging_mixin.py:190} INFO - [2026-06-18T23:31:33.543+0000] {dag.py:4138} INFO - Setting next_dagrun for model_retraining to 2026-06-01 03:00:00+00:00, run_after=2026-07-01 03:00:00+00:00
[2026-06-18T23:31:33.561+0000] {processor.py:208} INFO - Processing /opt/airflow/dags/retrain_dag.py took 0.112 seconds
[2026-06-18T23:32:03.717+0000] {processor.py:186} INFO - Started process (PID=308) to work on /opt/airflow/dags/retrain_dag.py
[2026-06-18T23:32:03.724+0000] {processor.py:914} INFO - Processing file /opt/airflow/dags/retrain_dag.py for tasks to queue
[2026-06-18T23:32:03.731+0000] {logging_mixin.py:190} INFO - [2026-06-18T23:32:03.730+0000] {dagbag.py:587} INFO - Filling up the DagBag from /opt/airflow/dags/retrain_dag.py
[2026-06-18T23:32:03.751+0000] {processor.py:925} INFO - DAG(s) 'model_retraining' retrieved from /opt/airflow/dags/retrain_dag.py
[2026-06-18T23:32:03.792+0000] {logging_mixin.py:190} INFO - [2026-06-18T23:32:03.791+0000] {dag.py:3211} INFO - Sync 1 DAGs
[2026-06-18T23:32:03.813+0000] {logging_mixin.py:190} INFO - [2026-06-18T23:32:03.813+0000] {dag.py:4138} INFO - Setting next_dagrun for model_retraining to 2026-06-01 03:00:00+00:00, run_after=2026-07-01 03:00:00+00:00
[2026-06-18T23:32:03.829+0000] {processor.py:208} INFO - Processing /opt/airflow/dags/retrain_dag.py took 0.127 seconds
[2026-06-18T23:32:34.267+0000] {processor.py:186} INFO - Started process (PID=311) to work on /opt/airflow/dags/retrain_dag.py
[2026-06-18T23:32:34.269+0000] {processor.py:914} INFO - Processing file /opt/airflow/dags/retrain_dag.py for tasks to queue
[2026-06-18T23:32:34.273+0000] {logging_mixin.py:190} INFO - [2026-06-18T23:32:34.273+0000] {dagbag.py:587} INFO - Filling up the DagBag from /opt/airflow/dags/retrain_dag.py
[2026-06-18T23:32:34.292+0000] {processor.py:925} INFO - DAG(s) 'model_retraining' retrieved from /opt/airflow/dags/retrain_dag.py
[2026-06-18T23:32:34.315+0000] {logging_mixin.py:190} INFO - [2026-06-18T23:32:34.315+0000] {dag.py:3211} INFO - Sync 1 DAGs
[2026-06-18T23:32:34.328+0000] {logging_mixin.py:190} INFO - [2026-06-18T23:32:34.328+0000] {dag.py:4138} INFO - Setting next_dagrun for model_retraining to 2026-06-01 03:00:00+00:00, run_after=2026-07-01 03:00:00+00:00
[2026-06-18T23:32:34.339+0000] {processor.py:208} INFO - Processing /opt/airflow/dags/retrain_dag.py took 0.087 seconds
[2026-06-18T23:33:05.127+0000] {processor.py:186} INFO - Started process (PID=314) to work on /opt/airflow/dags/retrain_dag.py
[2026-06-18T23:33:05.132+0000] {processor.py:914} INFO - Processing file /opt/airflow/dags/retrain_dag.py for tasks to queue
[2026-06-18T23:33:05.137+0000] {logging_mixin.py:190} INFO - [2026-06-18T23:33:05.136+0000] {dagbag.py:587} INFO - Filling up the DagBag from /opt/airflow/dags/retrain_dag.py
[2026-06-18T23:33:05.169+0000] {processor.py:925} INFO - DAG(s) 'model_retraining' retrieved from /opt/airflow/dags/retrain_dag.py
[2026-06-18T23:33:05.216+0000] {logging_mixin.py:190} INFO - [2026-06-18T23:33:05.216+0000] {dag.py:3211} INFO - Sync 1 DAGs
[2026-06-18T23:33:05.244+0000] {logging_mixin.py:190} INFO - [2026-06-18T23:33:05.244+0000] {dag.py:4138} INFO - Setting next_dagrun for model_retraining to 2026-06-01 03:00:00+00:00, run_after=2026-07-01 03:00:00+00:00
[2026-06-18T23:33:05.267+0000] {processor.py:208} INFO - Processing /opt/airflow/dags/retrain_dag.py took 0.152 seconds
[2026-06-18T23:33:35.849+0000] {processor.py:186} INFO - Started process (PID=317) to work on /opt/airflow/dags/retrain_dag.py
[2026-06-18T23:33:35.852+0000] {processor.py:914} INFO - Processing file /opt/airflow/dags/retrain_dag.py for tasks to queue
[2026-06-18T23:33:35.857+0000] {logging_mixin.py:190} INFO - [2026-06-18T23:33:35.856+0000] {dagbag.py:587} INFO - Filling up the DagBag from /opt/airflow/dags/retrain_dag.py
[2026-06-18T23:33:35.888+0000] {processor.py:925} INFO - DAG(s) 'model_retraining' retrieved from /opt/airflow/dags/retrain_dag.py
[2026-06-18T23:33:35.928+0000] {logging_mixin.py:190} INFO - [2026-06-18T23:33:35.928+0000] {dag.py:3211} INFO - Sync 1 DAGs
[2026-06-18T23:33:35.949+0000] {logging_mixin.py:190} INFO - [2026-06-18T23:33:35.948+0000] {dag.py:4138} INFO - Setting next_dagrun for model_retraining to 2026-06-01 03:00:00+00:00, run_after=2026-07-01 03:00:00+00:00
[2026-06-18T23:33:35.966+0000] {processor.py:208} INFO - Processing /opt/airflow/dags/retrain_dag.py took 0.136 seconds
[2026-06-18T23:34:06.398+0000] {processor.py:186} INFO - Started process (PID=351) to work on /opt/airflow/dags/retrain_dag.py
[2026-06-18T23:34:06.400+0000] {processor.py:914} INFO - Processing file /opt/airflow/dags/retrain_dag.py for tasks to queue
[2026-06-18T23:34:06.405+0000] {logging_mixin.py:190} INFO - [2026-06-18T23:34:06.405+0000] {dagbag.py:587} INFO - Filling up the DagBag from /opt/airflow/dags/retrain_dag.py
[2026-06-18T23:34:06.434+0000] {processor.py:925} INFO - DAG(s) 'model_retraining' retrieved from /opt/airflow/dags/retrain_dag.py
[2026-06-18T23:34:06.475+0000] {logging_mixin.py:190} INFO - [2026-06-18T23:34:06.475+0000] {dag.py:3211} INFO - Sync 1 DAGs
[2026-06-18T23:34:06.496+0000] {logging_mixin.py:190} INFO - [2026-06-18T23:34:06.495+0000] {dag.py:4138} INFO - Setting next_dagrun for model_retraining to 2026-06-01 03:00:00+00:00, run_after=2026-07-01 03:00:00+00:00
[2026-06-18T23:34:06.510+0000] {processor.py:208} INFO - Processing /opt/airflow/dags/retrain_dag.py took 0.133 seconds
[2026-06-18T23:34:36.709+0000] {processor.py:186} INFO - Started process (PID=354) to work on /opt/airflow/dags/retrain_dag.py
[2026-06-18T23:34:36.710+0000] {processor.py:914} INFO - Processing file /opt/airflow/dags/retrain_dag.py for tasks to queue
[2026-06-18T23:34:36.713+0000] {logging_mixin.py:190} INFO - [2026-06-18T23:34:36.713+0000] {dagbag.py:587} INFO - Filling up the DagBag from /opt/airflow/dags/retrain_dag.py
[2026-06-18T23:34:36.726+0000] {processor.py:925} INFO - DAG(s) 'model_retraining' retrieved from /opt/airflow/dags/retrain_dag.py
[2026-06-18T23:34:36.744+0000] {logging_mixin.py:190} INFO - [2026-06-18T23:34:36.744+0000] {dag.py:3211} INFO - Sync 1 DAGs
[2026-06-18T23:34:36.755+0000] {logging_mixin.py:190} INFO - [2026-06-18T23:34:36.755+0000] {dag.py:4138} INFO - Setting next_dagrun for model_retraining to 2026-06-01 03:00:00+00:00, run_after=2026-07-01 03:00:00+00:00
[2026-06-18T23:34:36.766+0000] {processor.py:208} INFO - Processing /opt/airflow/dags/retrain_dag.py took 0.065 seconds
[2026-06-18T23:35:07.092+0000] {processor.py:186} INFO - Started process (PID=357) to work on /opt/airflow/dags/retrain_dag.py
[2026-06-18T23:35:07.093+0000] {processor.py:914} INFO - Processing file /opt/airflow/dags/retrain_dag.py for tasks to queue
[2026-06-18T23:35:07.099+0000] {logging_mixin.py:190} INFO - [2026-06-18T23:35:07.098+0000] {dagbag.py:587} INFO - Filling up the DagBag from /opt/airflow/dags/retrain_dag.py
[2026-06-18T23:35:07.159+0000] {processor.py:925} INFO - DAG(s) 'model_retraining' retrieved from /opt/airflow/dags/retrain_dag.py
[2026-06-18T23:35:07.289+0000] {logging_mixin.py:190} INFO - [2026-06-18T23:35:07.289+0000] {dag.py:3211} INFO - Sync 1 DAGs
[2026-06-18T23:35:07.331+0000] {logging_mixin.py:190} INFO - [2026-06-18T23:35:07.330+0000] {dag.py:4138} INFO - Setting next_dagrun for model_retraining to 2026-06-01 03:00:00+00:00, run_after=2026-07-01 03:00:00+00:00
[2026-06-18T23:35:07.367+0000] {processor.py:208} INFO - Processing /opt/airflow/dags/retrain_dag.py took 0.293 seconds
[2026-06-18T23:35:38.438+0000] {processor.py:186} INFO - Started process (PID=360) to work on /opt/airflow/dags/retrain_dag.py
[2026-06-18T23:35:38.439+0000] {processor.py:914} INFO - Processing file /opt/airflow/dags/retrain_dag.py for tasks to queue
[2026-06-18T23:35:38.441+0000] {logging_mixin.py:190} INFO - [2026-06-18T23:35:38.441+0000] {dagbag.py:587} INFO - Filling up the DagBag from /opt/airflow/dags/retrain_dag.py
[2026-06-18T23:35:38.453+0000] {processor.py:925} INFO - DAG(s) 'model_retraining' retrieved from /opt/airflow/dags/retrain_dag.py
[2026-06-18T23:35:38.474+0000] {logging_mixin.py:190} INFO - [2026-06-18T23:35:38.474+0000] {dag.py:3211} INFO - Sync 1 DAGs
[2026-06-18T23:35:38.487+0000] {logging_mixin.py:190} INFO - [2026-06-18T23:35:38.486+0000] {dag.py:4138} INFO - Setting next_dagrun for model_retraining to 2026-06-01 03:00:00+00:00, run_after=2026-07-01 03:00:00+00:00
[2026-06-18T23:35:38.497+0000] {processor.py:208} INFO - Processing /opt/airflow/dags/retrain_dag.py took 0.066 seconds
[2026-06-18T23:36:08.874+0000] {processor.py:186} INFO - Started process (PID=363) to work on /opt/airflow/dags/retrain_dag.py
[2026-06-18T23:36:08.876+0000] {processor.py:914} INFO - Processing file /opt/airflow/dags/retrain_dag.py for tasks to queue
[2026-06-18T23:36:08.882+0000] {logging_mixin.py:190} INFO - [2026-06-18T23:36:08.882+0000] {dagbag.py:587} INFO - Filling up the DagBag from /opt/airflow/dags/retrain_dag.py
[2026-06-18T23:36:08.912+0000] {processor.py:925} INFO - DAG(s) 'model_retraining' retrieved from /opt/airflow/dags/retrain_dag.py
[2026-06-18T23:36:08.958+0000] {logging_mixin.py:190} INFO - [2026-06-18T23:36:08.958+0000] {dag.py:3211} INFO - Sync 1 DAGs
[2026-06-18T23:36:08.974+0000] {logging_mixin.py:190} INFO - [2026-06-18T23:36:08.974+0000] {dag.py:4138} INFO - Setting next_dagrun for model_retraining to 2026-06-01 03:00:00+00:00, run_after=2026-07-01 03:00:00+00:00
[2026-06-18T23:36:09.007+0000] {processor.py:208} INFO - Processing /opt/airflow/dags/retrain_dag.py took 0.146 seconds
[2026-06-18T23:36:39.393+0000] {processor.py:186} INFO - Started process (PID=366) to work on /opt/airflow/dags/retrain_dag.py
[2026-06-18T23:36:39.399+0000] {processor.py:914} INFO - Processing file /opt/airflow/dags/retrain_dag.py for tasks to queue
[2026-06-18T23:36:39.403+0000] {logging_mixin.py:190} INFO - [2026-06-18T23:36:39.402+0000] {dagbag.py:587} INFO - Filling up the DagBag from /opt/airflow/dags/retrain_dag.py
[2026-06-18T23:36:39.435+0000] {processor.py:925} INFO - DAG(s) 'model_retraining' retrieved from /opt/airflow/dags/retrain_dag.py
[2026-06-18T23:36:39.492+0000] {logging_mixin.py:190} INFO - [2026-06-18T23:36:39.492+0000] {dag.py:3211} INFO - Sync 1 DAGs
[2026-06-18T23:36:39.511+0000] {logging_mixin.py:190} INFO - [2026-06-18T23:36:39.511+0000] {dag.py:4138} INFO - Setting next_dagrun for model_retraining to 2026-06-01 03:00:00+00:00, run_after=2026-07-01 03:00:00+00:00
[2026-06-18T23:36:39.525+0000] {processor.py:208} INFO - Processing /opt/airflow/dags/retrain_dag.py took 0.150 seconds
[2026-06-18T23:37:09.988+0000] {processor.py:186} INFO - Started process (PID=369) to work on /opt/airflow/dags/retrain_dag.py
[2026-06-18T23:37:09.992+0000] {processor.py:914} INFO - Processing file /opt/airflow/dags/retrain_dag.py for tasks to queue
[2026-06-18T23:37:09.995+0000] {logging_mixin.py:190} INFO - [2026-06-18T23:37:09.995+0000] {dagbag.py:587} INFO - Filling up the DagBag from /opt/airflow/dags/retrain_dag.py
[2026-06-18T23:37:10.009+0000] {processor.py:925} INFO - DAG(s) 'model_retraining' retrieved from /opt/airflow/dags/retrain_dag.py
[2026-06-18T23:37:10.029+0000] {logging_mixin.py:190} INFO - [2026-06-18T23:37:10.029+0000] {dag.py:3211} INFO - Sync 1 DAGs
[2026-06-18T23:37:10.047+0000] {logging_mixin.py:190} INFO - [2026-06-18T23:37:10.046+0000] {dag.py:4138} INFO - Setting next_dagrun for model_retraining to 2026-06-01 03:00:00+00:00, run_after=2026-07-01 03:00:00+00:00
[2026-06-18T23:37:10.059+0000] {processor.py:208} INFO - Processing /opt/airflow/dags/retrain_dag.py took 0.084 seconds
[2026-06-18T23:37:40.826+0000] {processor.py:186} INFO - Started process (PID=372) to work on /opt/airflow/dags/retrain_dag.py
[2026-06-18T23:37:40.830+0000] {processor.py:914} INFO - Processing file /opt/airflow/dags/retrain_dag.py for tasks to queue
[2026-06-18T23:37:40.838+0000] {logging_mixin.py:190} INFO - [2026-06-18T23:37:40.837+0000] {dagbag.py:587} INFO - Filling up the DagBag from /opt/airflow/dags/retrain_dag.py
[2026-06-18T23:37:40.864+0000] {processor.py:925} INFO - DAG(s) 'model_retraining' retrieved from /opt/airflow/dags/retrain_dag.py
[2026-06-18T23:37:40.911+0000] {logging_mixin.py:190} INFO - [2026-06-18T23:37:40.911+0000] {dag.py:3211} INFO - Sync 1 DAGs
[2026-06-18T23:37:40.925+0000] {logging_mixin.py:190} INFO - [2026-06-18T23:37:40.925+0000] {dag.py:4138} INFO - Setting next_dagrun for model_retraining to 2026-06-01 03:00:00+00:00, run_after=2026-07-01 03:00:00+00:00
[2026-06-18T23:37:40.941+0000] {processor.py:208} INFO - Processing /opt/airflow/dags/retrain_dag.py took 0.127 seconds
[2026-06-18T23:38:11.383+0000] {processor.py:186} INFO - Started process (PID=375) to work on /opt/airflow/dags/retrain_dag.py
[2026-06-18T23:38:11.384+0000] {processor.py:914} INFO - Processing file /opt/airflow/dags/retrain_dag.py for tasks to queue
[2026-06-18T23:38:11.386+0000] {logging_mixin.py:190} INFO - [2026-06-18T23:38:11.385+0000] {dagbag.py:587} INFO - Filling up the DagBag from /opt/airflow/dags/retrain_dag.py
[2026-06-18T23:38:11.401+0000] {processor.py:925} INFO - DAG(s) 'model_retraining' retrieved from /opt/airflow/dags/retrain_dag.py
[2026-06-18T23:38:11.417+0000] {logging_mixin.py:190} INFO - [2026-06-18T23:38:11.417+0000] {dag.py:3211} INFO - Sync 1 DAGs
[2026-06-18T23:38:11.428+0000] {logging_mixin.py:190} INFO - [2026-06-18T23:38:11.428+0000] {dag.py:4138} INFO - Setting next_dagrun for model_retraining to 2026-06-01 03:00:00+00:00, run_after=2026-07-01 03:00:00+00:00
[2026-06-18T23:38:11.438+0000] {processor.py:208} INFO - Processing /opt/airflow/dags/retrain_dag.py took 0.063 seconds
[2026-06-18T23:38:41.634+0000] {processor.py:186} INFO - Started process (PID=378) to work on /opt/airflow/dags/retrain_dag.py
[2026-06-18T23:38:41.635+0000] {processor.py:914} INFO - Processing file /opt/airflow/dags/retrain_dag.py for tasks to queue
[2026-06-18T23:38:41.637+0000] {logging_mixin.py:190} INFO - [2026-06-18T23:38:41.637+0000] {dagbag.py:587} INFO - Filling up the DagBag from /opt/airflow/dags/retrain_dag.py
[2026-06-18T23:38:41.654+0000] {processor.py:925} INFO - DAG(s) 'model_retraining' retrieved from /opt/airflow/dags/retrain_dag.py
[2026-06-18T23:38:41.673+0000] {logging_mixin.py:190} INFO - [2026-06-18T23:38:41.672+0000] {dag.py:3211} INFO - Sync 1 DAGs
[2026-06-18T23:38:41.684+0000] {logging_mixin.py:190} INFO - [2026-06-18T23:38:41.684+0000] {dag.py:4138} INFO - Setting next_dagrun for model_retraining to 2026-06-01 03:00:00+00:00, run_after=2026-07-01 03:00:00+00:00
[2026-06-18T23:38:41.695+0000] {processor.py:208} INFO - Processing /opt/airflow/dags/retrain_dag.py took 0.068 seconds
[2026-06-18T23:39:11.852+0000] {processor.py:186} INFO - Started process (PID=381) to work on /opt/airflow/dags/retrain_dag.py
[2026-06-18T23:39:11.853+0000] {processor.py:914} INFO - Processing file /opt/airflow/dags/retrain_dag.py for tasks to queue
[2026-06-18T23:39:11.854+0000] {logging_mixin.py:190} INFO - [2026-06-18T23:39:11.854+0000] {dagbag.py:587} INFO - Filling up the DagBag from /opt/airflow/dags/retrain_dag.py
[2026-06-18T23:39:11.868+0000] {processor.py:925} INFO - DAG(s) 'model_retraining' retrieved from /opt/airflow/dags/retrain_dag.py
[2026-06-18T23:39:11.882+0000] {logging_mixin.py:190} INFO - [2026-06-18T23:39:11.882+0000] {dag.py:3211} INFO - Sync 1 DAGs
[2026-06-18T23:39:11.894+0000] {logging_mixin.py:190} INFO - [2026-06-18T23:39:11.894+0000] {dag.py:4138} INFO - Setting next_dagrun for model_retraining to 2026-06-01 03:00:00+00:00, run_after=2026-07-01 03:00:00+00:00
[2026-06-18T23:39:11.906+0000] {processor.py:208} INFO - Processing /opt/airflow/dags/retrain_dag.py took 0.059 seconds
[2026-06-18T23:39:43.331+0000] {processor.py:186} INFO - Started process (PID=384) to work on /opt/airflow/dags/retrain_dag.py
[2026-06-18T23:39:43.332+0000] {processor.py:914} INFO - Processing file /opt/airflow/dags/retrain_dag.py for tasks to queue
[2026-06-18T23:39:43.333+0000] {logging_mixin.py:190} INFO - [2026-06-18T23:39:43.333+0000] {dagbag.py:587} INFO - Filling up the DagBag from /opt/airflow/dags/retrain_dag.py
[2026-06-18T23:39:43.350+0000] {processor.py:925} INFO - DAG(s) 'model_retraining' retrieved from /opt/airflow/dags/retrain_dag.py
[2026-06-18T23:39:43.364+0000] {logging_mixin.py:190} INFO - [2026-06-18T23:39:43.364+0000] {dag.py:3211} INFO - Sync 1 DAGs
[2026-06-18T23:39:43.381+0000] {logging_mixin.py:190} INFO - [2026-06-18T23:39:43.380+0000] {dag.py:4138} INFO - Setting next_dagrun for model_retraining to 2026-06-01 03:00:00+00:00, run_after=2026-07-01 03:00:00+00:00
[2026-06-18T23:39:43.405+0000] {processor.py:208} INFO - Processing /opt/airflow/dags/retrain_dag.py took 0.082 seconds
[2026-06-18T23:40:14.211+0000] {processor.py:186} INFO - Started process (PID=387) to work on /opt/airflow/dags/retrain_dag.py
[2026-06-18T23:40:14.212+0000] {processor.py:914} INFO - Processing file /opt/airflow/dags/retrain_dag.py for tasks to queue
[2026-06-18T23:40:14.213+0000] {logging_mixin.py:190} INFO - [2026-06-18T23:40:14.213+0000] {dagbag.py:587} INFO - Filling up the DagBag from /opt/airflow/dags/retrain_dag.py
[2026-06-18T23:40:14.223+0000] {processor.py:925} INFO - DAG(s) 'model_retraining' retrieved from /opt/airflow/dags/retrain_dag.py
[2026-06-18T23:40:14.238+0000] {logging_mixin.py:190} INFO - [2026-06-18T23:40:14.238+0000] {dag.py:3211} INFO - Sync 1 DAGs
[2026-06-18T23:40:14.252+0000] {logging_mixin.py:190} INFO - [2026-06-18T23:40:14.252+0000] {dag.py:4138} INFO - Setting next_dagrun for model_retraining to 2026-06-01 03:00:00+00:00, run_after=2026-07-01 03:00:00+00:00
[2026-06-18T23:40:14.264+0000] {processor.py:208} INFO - Processing /opt/airflow/dags/retrain_dag.py took 0.058 seconds
[2026-06-18T23:40:44.955+0000] {processor.py:186} INFO - Started process (PID=390) to work on /opt/airflow/dags/retrain_dag.py
[2026-06-18T23:40:44.955+0000] {processor.py:914} INFO - Processing file /opt/airflow/dags/retrain_dag.py for tasks to queue
[2026-06-18T23:40:44.959+0000] {logging_mixin.py:190} INFO - [2026-06-18T23:40:44.958+0000] {dagbag.py:587} INFO - Filling up the DagBag from /opt/airflow/dags/retrain_dag.py
[2026-06-18T23:40:44.970+0000] {processor.py:925} INFO - DAG(s) 'model_retraining' retrieved from /opt/airflow/dags/retrain_dag.py
[2026-06-18T23:40:44.995+0000] {logging_mixin.py:190} INFO - [2026-06-18T23:40:44.994+0000] {dag.py:3211} INFO - Sync 1 DAGs
[2026-06-18T23:40:45.006+0000] {logging_mixin.py:190} INFO - [2026-06-18T23:40:45.006+0000] {dag.py:4138} INFO - Setting next_dagrun for model_retraining to 2026-06-01 03:00:00+00:00, run_after=2026-07-01 03:00:00+00:00
[2026-06-18T23:40:45.025+0000] {processor.py:208} INFO - Processing /opt/airflow/dags/retrain_dag.py took 0.075 seconds
[2026-06-18T23:41:15.645+0000] {processor.py:186} INFO - Started process (PID=393) to work on /opt/airflow/dags/retrain_dag.py
[2026-06-18T23:41:15.646+0000] {processor.py:914} INFO - Processing file /opt/airflow/dags/retrain_dag.py for tasks to queue
[2026-06-18T23:41:15.648+0000] {logging_mixin.py:190} INFO - [2026-06-18T23:41:15.647+0000] {dagbag.py:587} INFO - Filling up the DagBag from /opt/airflow/dags/retrain_dag.py
[2026-06-18T23:41:15.657+0000] {processor.py:925} INFO - DAG(s) 'model_retraining' retrieved from /opt/airflow/dags/retrain_dag.py
[2026-06-18T23:41:15.677+0000] {logging_mixin.py:190} INFO - [2026-06-18T23:41:15.677+0000] {dag.py:3211} INFO - Sync 1 DAGs
[2026-06-18T23:41:15.692+0000] {logging_mixin.py:190} INFO - [2026-06-18T23:41:15.691+0000] {dag.py:4138} INFO - Setting next_dagrun for model_retraining to 2026-06-01 03:00:00+00:00, run_after=2026-07-01 03:00:00+00:00
[2026-06-18T23:41:15.705+0000] {processor.py:208} INFO - Processing /opt/airflow/dags/retrain_dag.py took 0.065 seconds
[2026-06-18T23:41:46.942+0000] {processor.py:186} INFO - Started process (PID=396) to work on /opt/airflow/dags/retrain_dag.py
[2026-06-18T23:41:46.945+0000] {processor.py:914} INFO - Processing file /opt/airflow/dags/retrain_dag.py for tasks to queue
[2026-06-18T23:41:46.951+0000] {logging_mixin.py:190} INFO - [2026-06-18T23:41:46.950+0000] {dagbag.py:587} INFO - Filling up the DagBag from /opt/airflow/dags/retrain_dag.py
[2026-06-18T23:41:46.981+0000] {processor.py:925} INFO - DAG(s) 'model_retraining' retrieved from /opt/airflow/dags/retrain_dag.py
[2026-06-18T23:41:47.029+0000] {logging_mixin.py:190} INFO - [2026-06-18T23:41:47.028+0000] {dag.py:3211} INFO - Sync 1 DAGs
[2026-06-18T23:41:47.069+0000] {logging_mixin.py:190} INFO - [2026-06-18T23:41:47.069+0000] {dag.py:4138} INFO - Setting next_dagrun for model_retraining to 2026-06-01 03:00:00+00:00, run_after=2026-07-01 03:00:00+00:00
[2026-06-18T23:41:47.112+0000] {processor.py:208} INFO - Processing /opt/airflow/dags/retrain_dag.py took 0.193 seconds
[2026-06-18T23:42:19.369+0000] {processor.py:186} INFO - Started process (PID=399) to work on /opt/airflow/dags/retrain_dag.py
[2026-06-18T23:42:19.373+0000] {processor.py:914} INFO - Processing file /opt/airflow/dags/retrain_dag.py for tasks to queue
[2026-06-18T23:42:19.385+0000] {logging_mixin.py:190} INFO - [2026-06-18T23:42:19.383+0000] {dagbag.py:587} INFO - Filling up the DagBag from /opt/airflow/dags/retrain_dag.py
[2026-06-18T23:42:19.447+0000] {processor.py:925} INFO - DAG(s) 'model_retraining' retrieved from /opt/airflow/dags/retrain_dag.py
[2026-06-18T23:42:19.552+0000] {logging_mixin.py:190} INFO - [2026-06-18T23:42:19.552+0000] {dag.py:3211} INFO - Sync 1 DAGs
[2026-06-18T23:42:19.638+0000] {logging_mixin.py:190} INFO - [2026-06-18T23:42:19.637+0000] {dag.py:4138} INFO - Setting next_dagrun for model_retraining to 2026-06-01 03:00:00+00:00, run_after=2026-07-01 03:00:00+00:00
[2026-06-18T23:42:19.731+0000] {processor.py:208} INFO - Processing /opt/airflow/dags/retrain_dag.py took 0.393 seconds
[2026-06-18T23:42:53.301+0000] {processor.py:186} INFO - Started process (PID=402) to work on /opt/airflow/dags/retrain_dag.py
[2026-06-18T23:42:53.305+0000] {processor.py:914} INFO - Processing file /opt/airflow/dags/retrain_dag.py for tasks to queue
[2026-06-18T23:42:53.315+0000] {logging_mixin.py:190} INFO - [2026-06-18T23:42:53.314+0000] {dagbag.py:587} INFO - Filling up the DagBag from /opt/airflow/dags/retrain_dag.py
[2026-06-18T23:42:53.389+0000] {processor.py:925} INFO - DAG(s) 'model_retraining' retrieved from /opt/airflow/dags/retrain_dag.py
[2026-06-18T23:42:53.577+0000] {logging_mixin.py:190} INFO - [2026-06-18T23:42:53.575+0000] {dag.py:3211} INFO - Sync 1 DAGs
[2026-06-18T23:42:53.698+0000] {logging_mixin.py:190} INFO - [2026-06-18T23:42:53.697+0000] {dag.py:4138} INFO - Setting next_dagrun for model_retraining to 2026-06-01 03:00:00+00:00, run_after=2026-07-01 03:00:00+00:00
[2026-06-18T23:42:53.933+0000] {processor.py:208} INFO - Processing /opt/airflow/dags/retrain_dag.py took 0.706 seconds
[2026-06-18T23:43:25.461+0000] {processor.py:186} INFO - Started process (PID=405) to work on /opt/airflow/dags/retrain_dag.py
[2026-06-18T23:43:25.463+0000] {processor.py:914} INFO - Processing file /opt/airflow/dags/retrain_dag.py for tasks to queue
[2026-06-18T23:43:25.468+0000] {logging_mixin.py:190} INFO - [2026-06-18T23:43:25.468+0000] {dagbag.py:587} INFO - Filling up the DagBag from /opt/airflow/dags/retrain_dag.py
[2026-06-18T23:43:25.503+0000] {processor.py:925} INFO - DAG(s) 'model_retraining' retrieved from /opt/airflow/dags/retrain_dag.py
[2026-06-18T23:43:25.592+0000] {logging_mixin.py:190} INFO - [2026-06-18T23:43:25.590+0000] {dag.py:3211} INFO - Sync 1 DAGs
[2026-06-18T23:43:25.651+0000] {logging_mixin.py:190} INFO - [2026-06-18T23:43:25.650+0000] {dag.py:4138} INFO - Setting next_dagrun for model_retraining to 2026-06-01 03:00:00+00:00, run_after=2026-07-01 03:00:00+00:00
[2026-06-18T23:43:25.709+0000] {processor.py:208} INFO - Processing /opt/airflow/dags/retrain_dag.py took 0.262 seconds
[2026-06-18T23:43:58.102+0000] {processor.py:186} INFO - Started process (PID=408) to work on /opt/airflow/dags/retrain_dag.py
[2026-06-18T23:43:58.114+0000] {processor.py:914} INFO - Processing file /opt/airflow/dags/retrain_dag.py for tasks to queue
[2026-06-18T23:43:58.142+0000] {logging_mixin.py:190} INFO - [2026-06-18T23:43:58.139+0000] {dagbag.py:587} INFO - Filling up the DagBag from /opt/airflow/dags/retrain_dag.py
[2026-06-18T23:43:58.261+0000] {processor.py:925} INFO - DAG(s) 'model_retraining' retrieved from /opt/airflow/dags/retrain_dag.py
[2026-06-18T23:43:58.416+0000] {logging_mixin.py:190} INFO - [2026-06-18T23:43:58.415+0000] {dag.py:3211} INFO - Sync 1 DAGs
[2026-06-18T23:43:58.563+0000] {logging_mixin.py:190} INFO - [2026-06-18T23:43:58.562+0000] {dag.py:4138} INFO - Setting next_dagrun for model_retraining to 2026-06-01 03:00:00+00:00, run_after=2026-07-01 03:00:00+00:00
[2026-06-18T23:43:58.702+0000] {processor.py:208} INFO - Processing /opt/airflow/dags/retrain_dag.py took 0.722 seconds
[2026-06-18T23:44:29.860+0000] {processor.py:186} INFO - Started process (PID=411) to work on /opt/airflow/dags/retrain_dag.py
[2026-06-18T23:44:29.866+0000] {processor.py:914} INFO - Processing file /opt/airflow/dags/retrain_dag.py for tasks to queue
[2026-06-18T23:44:29.879+0000] {logging_mixin.py:190} INFO - [2026-06-18T23:44:29.877+0000] {dagbag.py:587} INFO - Filling up the DagBag from /opt/airflow/dags/retrain_dag.py
[2026-06-18T23:44:29.973+0000] {processor.py:925} INFO - DAG(s) 'model_retraining' retrieved from /opt/airflow/dags/retrain_dag.py
[2026-06-18T23:44:30.097+0000] {logging_mixin.py:190} INFO - [2026-06-18T23:44:30.096+0000] {dag.py:3211} INFO - Sync 1 DAGs
[2026-06-18T23:44:30.199+0000] {logging_mixin.py:190} INFO - [2026-06-18T23:44:30.198+0000] {dag.py:4138} INFO - Setting next_dagrun for model_retraining to 2026-06-01 03:00:00+00:00, run_after=2026-07-01 03:00:00+00:00
[2026-06-18T23:44:30.286+0000] {processor.py:208} INFO - Processing /opt/airflow/dags/retrain_dag.py took 0.465 seconds
[2026-06-18T23:45:02.908+0000] {processor.py:186} INFO - Started process (PID=414) to work on /opt/airflow/dags/retrain_dag.py
[2026-06-18T23:45:02.912+0000] {processor.py:914} INFO - Processing file /opt/airflow/dags/retrain_dag.py for tasks to queue
[2026-06-18T23:45:02.923+0000] {logging_mixin.py:190} INFO - [2026-06-18T23:45:02.921+0000] {dagbag.py:587} INFO - Filling up the DagBag from /opt/airflow/dags/retrain_dag.py
[2026-06-18T23:45:02.974+0000] {processor.py:925} INFO - DAG(s) 'model_retraining' retrieved from /opt/airflow/dags/retrain_dag.py
[2026-06-18T23:45:03.079+0000] {logging_mixin.py:190} INFO - [2026-06-18T23:45:03.079+0000] {dag.py:3211} INFO - Sync 1 DAGs
[2026-06-18T23:45:03.162+0000] {logging_mixin.py:190} INFO - [2026-06-18T23:45:03.161+0000] {dag.py:4138} INFO - Setting next_dagrun for model_retraining to 2026-06-01 03:00:00+00:00, run_after=2026-07-01 03:00:00+00:00
[2026-06-18T23:45:04.693+0000] {processor.py:208} INFO - Processing /opt/airflow/dags/retrain_dag.py took 1.826 seconds
[2026-06-18T23:45:36.188+0000] {processor.py:186} INFO - Started process (PID=417) to work on /opt/airflow/dags/retrain_dag.py
[2026-06-18T23:45:36.196+0000] {processor.py:914} INFO - Processing file /opt/airflow/dags/retrain_dag.py for tasks to queue
[2026-06-18T23:45:36.220+0000] {logging_mixin.py:190} INFO - [2026-06-18T23:45:36.216+0000] {dagbag.py:587} INFO - Filling up the DagBag from /opt/airflow/dags/retrain_dag.py
[2026-06-18T23:45:36.309+0000] {processor.py:925} INFO - DAG(s) 'model_retraining' retrieved from /opt/airflow/dags/retrain_dag.py
[2026-06-18T23:45:36.443+0000] {logging_mixin.py:190} INFO - [2026-06-18T23:45:36.442+0000] {dag.py:3211} INFO - Sync 1 DAGs
[2026-06-18T23:45:36.544+0000] {logging_mixin.py:190} INFO - [2026-06-18T23:45:36.543+0000] {dag.py:4138} INFO - Setting next_dagrun for model_retraining to 2026-06-01 03:00:00+00:00, run_after=2026-07-01 03:00:00+00:00
[2026-06-18T23:45:36.643+0000] {processor.py:208} INFO - Processing /opt/airflow/dags/retrain_dag.py took 0.500 seconds
[2026-06-18T23:46:07.447+0000] {processor.py:186} INFO - Started process (PID=420) to work on /opt/airflow/dags/retrain_dag.py
[2026-06-18T23:46:07.448+0000] {processor.py:914} INFO - Processing file /opt/airflow/dags/retrain_dag.py for tasks to queue
[2026-06-18T23:46:07.450+0000] {logging_mixin.py:190} INFO - [2026-06-18T23:46:07.450+0000] {dagbag.py:587} INFO - Filling up the DagBag from /opt/airflow/dags/retrain_dag.py
[2026-06-18T23:46:07.461+0000] {processor.py:925} INFO - DAG(s) 'model_retraining' retrieved from /opt/airflow/dags/retrain_dag.py
[2026-06-18T23:46:07.487+0000] {logging_mixin.py:190} INFO - [2026-06-18T23:46:07.487+0000] {dag.py:3211} INFO - Sync 1 DAGs
[2026-06-18T23:46:07.515+0000] {logging_mixin.py:190} INFO - [2026-06-18T23:46:07.515+0000] {dag.py:4138} INFO - Setting next_dagrun for model_retraining to 2026-06-01 03:00:00+00:00, run_after=2026-07-01 03:00:00+00:00
[2026-06-18T23:46:07.537+0000] {processor.py:208} INFO - Processing /opt/airflow/dags/retrain_dag.py took 0.096 seconds
[2026-06-18T23:46:39.294+0000] {processor.py:186} INFO - Started process (PID=423) to work on /opt/airflow/dags/retrain_dag.py
[2026-06-18T23:46:39.296+0000] {processor.py:914} INFO - Processing file /opt/airflow/dags/retrain_dag.py for tasks to queue
[2026-06-18T23:46:39.300+0000] {logging_mixin.py:190} INFO - [2026-06-18T23:46:39.299+0000] {dagbag.py:587} INFO - Filling up the DagBag from /opt/airflow/dags/retrain_dag.py
[2026-06-18T23:46:39.315+0000] {processor.py:925} INFO - DAG(s) 'model_retraining' retrieved from /opt/airflow/dags/retrain_dag.py
[2026-06-18T23:46:39.346+0000] {logging_mixin.py:190} INFO - [2026-06-18T23:46:39.346+0000] {dag.py:3211} INFO - Sync 1 DAGs
[2026-06-18T23:46:39.378+0000] {logging_mixin.py:190} INFO - [2026-06-18T23:46:39.377+0000] {dag.py:4138} INFO - Setting next_dagrun for model_retraining to 2026-06-01 03:00:00+00:00, run_after=2026-07-01 03:00:00+00:00
[2026-06-18T23:46:39.412+0000] {processor.py:208} INFO - Processing /opt/airflow/dags/retrain_dag.py took 0.127 seconds
[2026-06-18T23:47:09.936+0000] {processor.py:186} INFO - Started process (PID=426) to work on /opt/airflow/dags/retrain_dag.py
[2026-06-18T23:47:09.937+0000] {processor.py:914} INFO - Processing file /opt/airflow/dags/retrain_dag.py for tasks to queue
[2026-06-18T23:47:09.938+0000] {logging_mixin.py:190} INFO - [2026-06-18T23:47:09.938+0000] {dagbag.py:587} INFO - Filling up the DagBag from /opt/airflow/dags/retrain_dag.py
[2026-06-18T23:47:09.948+0000] {processor.py:925} INFO - DAG(s) 'model_retraining' retrieved from /opt/airflow/dags/retrain_dag.py
[2026-06-18T23:47:09.965+0000] {logging_mixin.py:190} INFO - [2026-06-18T23:47:09.964+0000] {dag.py:3211} INFO - Sync 1 DAGs
[2026-06-18T23:47:09.978+0000] {logging_mixin.py:190} INFO - [2026-06-18T23:47:09.978+0000] {dag.py:4138} INFO - Setting next_dagrun for model_retraining to 2026-06-01 03:00:00+00:00, run_after=2026-07-01 03:00:00+00:00
[2026-06-18T23:47:09.996+0000] {processor.py:208} INFO - Processing /opt/airflow/dags/retrain_dag.py took 0.065 seconds
