[2026-06-18T23:28:45.256+0000] {local_task_job_runner.py:123} INFO - ::group::Pre task execution logs
[2026-06-18T23:28:45.260+0000] {taskinstance.py:2603} INFO - Dependencies all met for dep_context=non-requeueable deps ti=<TaskInstance: model_retraining.prepare_data manual__2026-06-18T23:28:42.223056+00:00 [queued]>
[2026-06-18T23:28:45.263+0000] {taskinstance.py:2603} INFO - Dependencies all met for dep_context=requeueable deps ti=<TaskInstance: model_retraining.prepare_data manual__2026-06-18T23:28:42.223056+00:00 [queued]>
[2026-06-18T23:28:45.263+0000] {taskinstance.py:2856} INFO - Starting attempt 1 of 2
[2026-06-18T23:28:45.272+0000] {taskinstance.py:2879} INFO - Executing <Task(PythonOperator): prepare_data> on 2026-06-18 23:28:42.223056+00:00
[2026-06-18T23:28:45.277+0000] {standard_task_runner.py:72} INFO - Started process 226 to run task
[2026-06-18T23:28:45.281+0000] {standard_task_runner.py:104} INFO - Running: ['airflow', 'tasks', 'run', 'model_retraining', 'prepare_data', 'manual__2026-06-18T23:28:42.223056+00:00', '--job-id', '6', '--raw', '--subdir', 'DAGS_FOLDER/retrain_dag.py', '--cfg-path', '/tmp/tmp1msk31w1']
[2026-06-18T23:28:45.283+0000] {standard_task_runner.py:105} INFO - Job 6: Subtask prepare_data
[2026-06-18T23:28:45.296+0000] {logging_mixin.py:190} WARNING - /home/airflow/.local/lib/python3.11/site-packages/airflow/settings.py:209 DeprecationWarning: The sql_alchemy_conn option in [core] has been moved to the sql_alchemy_conn option in [database] - the old setting has been used, but please update your config.
[2026-06-18T23:28:45.312+0000] {task_command.py:467} INFO - Running <TaskInstance: model_retraining.prepare_data manual__2026-06-18T23:28:42.223056+00:00 [running]> on host 608430fa1042
[2026-06-18T23:28:45.347+0000] {taskinstance.py:3122} INFO - Exporting env vars: AIRFLOW_CTX_DAG_OWNER='douaa' AIRFLOW_CTX_DAG_ID='model_retraining' AIRFLOW_CTX_TASK_ID='prepare_data' AIRFLOW_CTX_EXECUTION_DATE='2026-06-18T23:28:42.223056+00:00' AIRFLOW_CTX_TRY_NUMBER='1' AIRFLOW_CTX_DAG_RUN_ID='manual__2026-06-18T23:28:42.223056+00:00'
[2026-06-18T23:28:45.348+0000] {taskinstance.py:731} INFO - ::endgroup::
[2026-06-18T23:28:47.043+0000] {logging_mixin.py:190} INFO - [OK] 32561 lignes ecrites -> /opt/airflow/project/data/adult_prepared.csv
[2026-06-18T23:28:47.044+0000] {logging_mixin.py:190} INFO - [OK] Données préparées avec succès.
[2026-06-18T23:28:47.044+0000] {python.py:240} INFO - Done. Returned value was: None
[2026-06-18T23:28:47.047+0000] {taskinstance.py:340} INFO - ::group::Post task execution logs
[2026-06-18T23:28:47.047+0000] {taskinstance.py:352} INFO - Marking task as SUCCESS. dag_id=model_retraining, task_id=prepare_data, run_id=manual__2026-06-18T23:28:42.223056+00:00, execution_date=20260618T232842, start_date=20260618T232845, end_date=20260618T232847
[2026-06-18T23:28:47.102+0000] {local_task_job_runner.py:261} INFO - Task exited with return code 0
[2026-06-18T23:28:47.115+0000] {taskinstance.py:3891} INFO - 1 downstream tasks scheduled from follow-on schedule check
[2026-06-18T23:28:47.121+0000] {local_task_job_runner.py:240} INFO - ::endgroup::
